11-Sep-2026 23:34:27.144 INFO [main] org.apache.catalina.startup.VersionLoggerListener.log Имя версии сервера:    Apache Tomcat/10.1.59
11-Sep-2026 23:34:27.146 INFO [main] org.apache.catalina.startup.VersionLoggerListener.log Сервер собран:         Aug 13 2026 16:59:10 UTC
11-Sep-2026 23:34:27.146 INFO [main] org.apache.catalina.startup.VersionLoggerListener.log Номер версии сервера:  10.1.59.0
11-Sep-2026 23:34:27.146 INFO [main] org.apache.catalina.startup.VersionLoggerListener.log OS Name:               Windows 11
11-Sep-2026 23:34:27.146 INFO [main] org.apache.catalina.startup.VersionLoggerListener.log Версия ОС:             10.0
11-Sep-2026 23:34:27.146 INFO [main] org.apache.catalina.startup.VersionLoggerListener.log Архитектура:           amd64
11-Sep-2026 23:34:27.146 INFO [main] org.apache.catalina.startup.VersionLoggerListener.log Java Home:             C:\Program Files\Java\jdk-25.0.4.1
11-Sep-2026 23:34:27.146 INFO [main] org.apache.catalina.startup.VersionLoggerListener.log Версия JVM:            25.0.4.1+1-LTS-5
11-Sep-2026 23:34:27.146 INFO [main] org.apache.catalina.startup.VersionLoggerListener.log Производитель JVM:     Oracle Corporation
11-Sep-2026 23:34:27.146 INFO [main] org.apache.catalina.startup.VersionLoggerListener.log CATALINA_BASE:         C:\Users\GRU\Desktop\32\apache-tomcat-10.1.59
11-Sep-2026 23:34:27.146 INFO [main] org.apache.catalina.startup.VersionLoggerListener.log CATALINA_HOME:         C:\Users\GRU\Desktop\32\apache-tomcat-10.1.59
11-Sep-2026 23:34:27.154 INFO [main] org.apache.catalina.startup.VersionLoggerListener.log Command line argument: -Djava.util.logging.config.file=c:\Users\GRU\Desktop\32\apache-tomcat-10.1.59/conf/logging.properties
11-Sep-2026 23:34:27.154 INFO [main] org.apache.catalina.startup.VersionLoggerListener.log Command line argument: -Djava.util.logging.manager=org.apache.juli.ClassLoaderLogManager
11-Sep-2026 23:34:27.154 INFO [main] org.apache.catalina.startup.VersionLoggerListener.log Command line argument: -Djdk.tls.ephemeralDHKeySize=2048
11-Sep-2026 23:34:27.154 INFO [main] org.apache.catalina.startup.VersionLoggerListener.log Command line argument: -Djava.protocol.handler.pkgs=org.apache.catalina.webresources
11-Sep-2026 23:34:27.154 INFO [main] org.apache.catalina.startup.VersionLoggerListener.log Command line argument: -Dorg.apache.catalina.security.SecurityListener.UMASK=0027
11-Sep-2026 23:34:27.154 INFO [main] org.apache.catalina.startup.VersionLoggerListener.log Command line argument: -Dcatalina.base=c:\Users\GRU\Desktop\32\apache-tomcat-10.1.59
11-Sep-2026 23:34:27.154 INFO [main] org.apache.catalina.startup.VersionLoggerListener.log Command line argument: -Dcatalina.home=c:\Users\GRU\Desktop\32\apache-tomcat-10.1.59
11-Sep-2026 23:34:27.154 INFO [main] org.apache.catalina.startup.VersionLoggerListener.log Command line argument: -Djava.io.tmpdir=c:\Users\GRU\Desktop\32\apache-tomcat-10.1.59/temp
11-Sep-2026 23:34:27.158 INFO [main] org.apache.catalina.core.AprLifecycleListener.lifecycleEvent The Apache Tomcat Native library which allows using OpenSSL was not found on the java.library.path: [C:\Program Files\Java\jdk-25.0.4.1\bin;C:\WINDOWS\Sun\Java\bin;C:\WINDOWS\system32;C:\WINDOWS;C:\Program Files\Common Files\Oracle\Java\javapath;C:\WINDOWS\system32;C:\WINDOWS;C:\WINDOWS\System32\Wbem;C:\WINDOWS\System32\WindowsPowerShell\v1.0\;C:\WINDOWS\System32\OpenSSH\;C:\Program Files\NVIDIA Corporation\NVIDIA App\NvDLISR;C:\Program Files (x86)\NVIDIA Corporation\PhysX\Common;C:\Program Files (x86)\Windows Kits\10\Windows Performance Toolkit\;C:\Users\GRU\AppData\Local\Microsoft\WindowsApps;C:\Users\GRU\AppData\Local\Programs\Microsoft VS Code\bin;C:\Program Files\Java\jdk-25.0.4.1\bin;C:\Users\GRU\Desktop\32\apache-maven-3.9.16\bin;C:\Users\GRU\AppData\Local\Microsoft\WindowsApps;C:\Users\GRU\AppData\Local\Programs\Microsoft VS Code\bin;.]
11-Sep-2026 23:34:27.301 INFO [main] org.apache.coyote.AbstractProtocol.init Инициализация ProtocolHandler ["http-nio-8080"]
11-Sep-2026 23:34:27.317 INFO [main] org.apache.catalina.startup.Catalina.load Server initialization in [296] milliseconds
11-Sep-2026 23:34:27.345 INFO [main] org.apache.catalina.core.StandardService.startInternal Starting service [Catalina]
11-Sep-2026 23:34:27.345 INFO [main] org.apache.catalina.core.StandardEngine.startInternal Starting Servlet engine: [Apache Tomcat/10.1.59]
11-Sep-2026 23:34:27.353 INFO [main] org.apache.catalina.startup.HostConfig.deployDirectory Установка веб приложения в папку [C:\Users\GRU\Desktop\32\apache-tomcat-10.1.59\webapps\docs]
11-Sep-2026 23:34:27.552 INFO [main] org.apache.catalina.startup.HostConfig.deployDirectory Deployment of web application directory [C:\Users\GRU\Desktop\32\apache-tomcat-10.1.59\webapps\docs] has finished in [196] ms
11-Sep-2026 23:34:27.553 INFO [main] org.apache.catalina.startup.HostConfig.deployDirectory Установка веб приложения в папку [C:\Users\GRU\Desktop\32\apache-tomcat-10.1.59\webapps\examples]
11-Sep-2026 23:34:27.802 INFO [main] org.apache.catalina.startup.HostConfig.deployDirectory Deployment of web application directory [C:\Users\GRU\Desktop\32\apache-tomcat-10.1.59\webapps\examples] has finished in [249] ms
11-Sep-2026 23:34:27.802 INFO [main] org.apache.catalina.startup.HostConfig.deployDirectory Установка веб приложения в папку [C:\Users\GRU\Desktop\32\apache-tomcat-10.1.59\webapps\host-manager]
11-Sep-2026 23:34:27.828 INFO [main] org.apache.catalina.startup.HostConfig.deployDirectory Deployment of web application directory [C:\Users\GRU\Desktop\32\apache-tomcat-10.1.59\webapps\host-manager] has finished in [26] ms
11-Sep-2026 23:34:27.829 INFO [main] org.apache.catalina.startup.HostConfig.deployDirectory Установка веб приложения в папку [C:\Users\GRU\Desktop\32\apache-tomcat-10.1.59\webapps\manager]
11-Sep-2026 23:34:27.850 INFO [main] org.apache.catalina.startup.HostConfig.deployDirectory Deployment of web application directory [C:\Users\GRU\Desktop\32\apache-tomcat-10.1.59\webapps\manager] has finished in [21] ms
11-Sep-2026 23:34:27.850 INFO [main] org.apache.catalina.startup.HostConfig.deployDirectory Установка веб приложения в папку [C:\Users\GRU\Desktop\32\apache-tomcat-10.1.59\webapps\ROOT]
11-Sep-2026 23:34:27.868 INFO [main] org.apache.catalina.startup.HostConfig.deployDirectory Deployment of web application directory [C:\Users\GRU\Desktop\32\apache-tomcat-10.1.59\webapps\ROOT] has finished in [18] ms
11-Sep-2026 23:34:27.871 INFO [main] org.apache.coyote.AbstractProtocol.start Starting ProtocolHandler ["http-nio-8080"]
11-Sep-2026 23:34:27.888 INFO [main] org.apache.catalina.startup.Catalina.start Server startup in [570] milliseconds
11-Sep-2026 23:35:11.527 INFO [main] org.apache.catalina.core.StandardServer.await A valid shutdown command was received via the shutdown port. Stopping the Server instance.
11-Sep-2026 23:35:11.528 INFO [main] org.apache.coyote.AbstractProtocol.pause Pausing ProtocolHandler ["http-nio-8080"]
11-Sep-2026 23:35:11.532 INFO [main] org.apache.catalina.core.StandardService.stopInternal Stopping service [Catalina]
11-Sep-2026 23:35:11.534 WARNING [main] org.apache.catalina.loader.WebappClassLoaderBase.checkThreadLocalsForLeaks Вам нужно добавить "--add-opens=java.base/java.lang=ALL-UNNAMED" к аргументам командной строки JVM, чтобы включить обнаружение утечек памяти ThreadLocal. Также Вы можете  пресечь появление этого предупреждения, отключив обнаружение утечек памяти ThreadLocal.
11-Sep-2026 23:35:11.535 WARNING [main] org.apache.catalina.loader.WebappClassLoaderBase.clearReferencesRmiTargets You need to add "--add-opens=java.rmi/sun.rmi.transport=ALL-UNNAMED" to the JVM command line arguments to enable RMI Target memory leak detection. Alternatively, you can suppress this warning by disabling RMI Target memory leak detection.
11-Sep-2026 23:35:11.537 WARNING [main] org.apache.catalina.loader.WebappClassLoaderBase.checkThreadLocalsForLeaks Вам нужно добавить "--add-opens=java.base/java.lang=ALL-UNNAMED" к аргументам командной строки JVM, чтобы включить обнаружение утечек памяти ThreadLocal. Также Вы можете  пресечь появление этого предупреждения, отключив обнаружение утечек памяти ThreadLocal.
11-Sep-2026 23:35:11.537 WARNING [main] org.apache.catalina.loader.WebappClassLoaderBase.clearReferencesRmiTargets You need to add "--add-opens=java.rmi/sun.rmi.transport=ALL-UNNAMED" to the JVM command line arguments to enable RMI Target memory leak detection. Alternatively, you can suppress this warning by disabling RMI Target memory leak detection.
11-Sep-2026 23:35:11.538 WARNING [main] org.apache.catalina.loader.WebappClassLoaderBase.checkThreadLocalsForLeaks Вам нужно добавить "--add-opens=java.base/java.lang=ALL-UNNAMED" к аргументам командной строки JVM, чтобы включить обнаружение утечек памяти ThreadLocal. Также Вы можете  пресечь появление этого предупреждения, отключив обнаружение утечек памяти ThreadLocal.
11-Sep-2026 23:35:11.538 WARNING [main] org.apache.catalina.loader.WebappClassLoaderBase.clearReferencesRmiTargets You need to add "--add-opens=java.rmi/sun.rmi.transport=ALL-UNNAMED" to the JVM command line arguments to enable RMI Target memory leak detection. Alternatively, you can suppress this warning by disabling RMI Target memory leak detection.
11-Sep-2026 23:35:11.539 WARNING [main] org.apache.catalina.loader.WebappClassLoaderBase.checkThreadLocalsForLeaks Вам нужно добавить "--add-opens=java.base/java.lang=ALL-UNNAMED" к аргументам командной строки JVM, чтобы включить обнаружение утечек памяти ThreadLocal. Также Вы можете  пресечь появление этого предупреждения, отключив обнаружение утечек памяти ThreadLocal.
11-Sep-2026 23:35:11.539 WARNING [main] org.apache.catalina.loader.WebappClassLoaderBase.clearReferencesRmiTargets You need to add "--add-opens=java.rmi/sun.rmi.transport=ALL-UNNAMED" to the JVM command line arguments to enable RMI Target memory leak detection. Alternatively, you can suppress this warning by disabling RMI Target memory leak detection.
11-Sep-2026 23:35:11.541 WARNING [main] org.apache.catalina.loader.WebappClassLoaderBase.checkThreadLocalsForLeaks Вам нужно добавить "--add-opens=java.base/java.lang=ALL-UNNAMED" к аргументам командной строки JVM, чтобы включить обнаружение утечек памяти ThreadLocal. Также Вы можете  пресечь появление этого предупреждения, отключив обнаружение утечек памяти ThreadLocal.
11-Sep-2026 23:35:11.541 WARNING [main] org.apache.catalina.loader.WebappClassLoaderBase.clearReferencesRmiTargets You need to add "--add-opens=java.rmi/sun.rmi.transport=ALL-UNNAMED" to the JVM command line arguments to enable RMI Target memory leak detection. Alternatively, you can suppress this warning by disabling RMI Target memory leak detection.
11-Sep-2026 23:35:11.541 INFO [main] org.apache.coyote.AbstractProtocol.stop Stopping ProtocolHandler ["http-nio-8080"]
11-Sep-2026 23:35:11.727 INFO [main] org.apache.coyote.AbstractProtocol.destroy Destroying ProtocolHandler ["http-nio-8080"]
11-Sep-2026 23:36:50.077 INFO [main] org.apache.catalina.startup.VersionLoggerListener.log Имя версии сервера:    Apache Tomcat/10.1.59
11-Sep-2026 23:36:50.079 INFO [main] org.apache.catalina.startup.VersionLoggerListener.log Сервер собран:         Aug 13 2026 16:59:10 UTC
11-Sep-2026 23:36:50.079 INFO [main] org.apache.catalina.startup.VersionLoggerListener.log Номер версии сервера:  10.1.59.0
11-Sep-2026 23:36:50.079 INFO [main] org.apache.catalina.startup.VersionLoggerListener.log OS Name:               Windows 11
11-Sep-2026 23:36:50.080 INFO [main] org.apache.catalina.startup.VersionLoggerListener.log Версия ОС:             10.0
11-Sep-2026 23:36:50.080 INFO [main] org.apache.catalina.startup.VersionLoggerListener.log Архитектура:           amd64
11-Sep-2026 23:36:50.080 INFO [main] org.apache.catalina.startup.VersionLoggerListener.log Java Home:             C:\Program Files\Java\jdk-25.0.4.1
11-Sep-2026 23:36:50.080 INFO [main] org.apache.catalina.startup.VersionLoggerListener.log Версия JVM:            25.0.4.1+1-LTS-5
11-Sep-2026 23:36:50.080 INFO [main] org.apache.catalina.startup.VersionLoggerListener.log Производитель JVM:     Oracle Corporation
11-Sep-2026 23:36:50.080 INFO [main] org.apache.catalina.startup.VersionLoggerListener.log CATALINA_BASE:         C:\Users\GRU\Desktop\32\apache-tomcat-10.1.59
11-Sep-2026 23:36:50.080 INFO [main] org.apache.catalina.startup.VersionLoggerListener.log CATALINA_HOME:         C:\Users\GRU\Desktop\32\apache-tomcat-10.1.59
11-Sep-2026 23:36:50.087 INFO [main] org.apache.catalina.startup.VersionLoggerListener.log Command line argument: -Djava.util.logging.config.file=c:\Users\GRU\Desktop\32\apache-tomcat-10.1.59/conf/logging.properties
11-Sep-2026 23:36:50.087 INFO [main] org.apache.catalina.startup.VersionLoggerListener.log Command line argument: -Djava.util.logging.manager=org.apache.juli.ClassLoaderLogManager
11-Sep-2026 23:36:50.087 INFO [main] org.apache.catalina.startup.VersionLoggerListener.log Command line argument: -Djdk.tls.ephemeralDHKeySize=2048
11-Sep-2026 23:36:50.087 INFO [main] org.apache.catalina.startup.VersionLoggerListener.log Command line argument: -Djava.protocol.handler.pkgs=org.apache.catalina.webresources
11-Sep-2026 23:36:50.087 INFO [main] org.apache.catalina.startup.VersionLoggerListener.log Command line argument: -Dorg.apache.catalina.security.SecurityListener.UMASK=0027
11-Sep-2026 23:36:50.087 INFO [main] org.apache.catalina.startup.VersionLoggerListener.log Command line argument: -Dcatalina.base=c:\Users\GRU\Desktop\32\apache-tomcat-10.1.59
11-Sep-2026 23:36:50.087 INFO [main] org.apache.catalina.startup.VersionLoggerListener.log Command line argument: -Dcatalina.home=c:\Users\GRU\Desktop\32\apache-tomcat-10.1.59
11-Sep-2026 23:36:50.087 INFO [main] org.apache.catalina.startup.VersionLoggerListener.log Command line argument: -Djava.io.tmpdir=c:\Users\GRU\Desktop\32\apache-tomcat-10.1.59/temp
11-Sep-2026 23:36:50.090 INFO [main] org.apache.catalina.core.AprLifecycleListener.lifecycleEvent The Apache Tomcat Native library which allows using OpenSSL was not found on the java.library.path: [C:\Program Files\Java\jdk-25.0.4.1\bin;C:\WINDOWS\Sun\Java\bin;C:\WINDOWS\system32;C:\WINDOWS;C:\Program Files\Common Files\Oracle\Java\javapath;C:\WINDOWS\system32;C:\WINDOWS;C:\WINDOWS\System32\Wbem;C:\WINDOWS\System32\WindowsPowerShell\v1.0\;C:\WINDOWS\System32\OpenSSH\;C:\Program Files\NVIDIA Corporation\NVIDIA App\NvDLISR;C:\Program Files (x86)\NVIDIA Corporation\PhysX\Common;C:\Program Files (x86)\Windows Kits\10\Windows Performance Toolkit\;C:\Users\GRU\AppData\Local\Microsoft\WindowsApps;C:\Users\GRU\AppData\Local\Programs\Microsoft VS Code\bin;C:\Program Files\Java\jdk-25.0.4.1\bin;C:\Users\GRU\Desktop\32\apache-maven-3.9.16\bin;C:\Users\GRU\AppData\Local\Microsoft\WindowsApps;C:\Users\GRU\AppData\Local\Programs\Microsoft VS Code\bin;.]
11-Sep-2026 23:36:50.231 INFO [main] org.apache.coyote.AbstractProtocol.init Инициализация ProtocolHandler ["http-nio-80"]
11-Sep-2026 23:36:50.247 INFO [main] org.apache.catalina.startup.Catalina.load Server initialization in [289] milliseconds
11-Sep-2026 23:36:50.270 INFO [main] org.apache.catalina.core.StandardService.startInternal Starting service [Catalina]
11-Sep-2026 23:36:50.270 INFO [main] org.apache.catalina.core.StandardEngine.startInternal Starting Servlet engine: [Apache Tomcat/10.1.59]
11-Sep-2026 23:36:50.277 INFO [main] org.apache.catalina.startup.HostConfig.deployDirectory Установка веб приложения в папку [C:\Users\GRU\Desktop\32\apache-tomcat-10.1.59\webapps\docs]
11-Sep-2026 23:36:50.442 INFO [main] org.apache.catalina.startup.HostConfig.deployDirectory Deployment of web application directory [C:\Users\GRU\Desktop\32\apache-tomcat-10.1.59\webapps\docs] has finished in [163] ms
11-Sep-2026 23:36:50.443 INFO [main] org.apache.catalina.startup.HostConfig.deployDirectory Установка веб приложения в папку [C:\Users\GRU\Desktop\32\apache-tomcat-10.1.59\webapps\examples]
11-Sep-2026 23:36:50.679 INFO [main] org.apache.catalina.startup.HostConfig.deployDirectory Deployment of web application directory [C:\Users\GRU\Desktop\32\apache-tomcat-10.1.59\webapps\examples] has finished in [237] ms
11-Sep-2026 23:36:50.680 INFO [main] org.apache.catalina.startup.HostConfig.deployDirectory Установка веб приложения в папку [C:\Users\GRU\Desktop\32\apache-tomcat-10.1.59\webapps\host-manager]
11-Sep-2026 23:36:50.705 INFO [main] org.apache.catalina.startup.HostConfig.deployDirectory Deployment of web application directory [C:\Users\GRU\Desktop\32\apache-tomcat-10.1.59\webapps\host-manager] has finished in [25] ms
11-Sep-2026 23:36:50.705 INFO [main] org.apache.catalina.startup.HostConfig.deployDirectory Установка веб приложения в папку [C:\Users\GRU\Desktop\32\apache-tomcat-10.1.59\webapps\manager]
11-Sep-2026 23:36:50.727 INFO [main] org.apache.catalina.startup.HostConfig.deployDirectory Deployment of web application directory [C:\Users\GRU\Desktop\32\apache-tomcat-10.1.59\webapps\manager] has finished in [22] ms
11-Sep-2026 23:36:50.727 INFO [main] org.apache.catalina.startup.HostConfig.deployDirectory Установка веб приложения в папку [C:\Users\GRU\Desktop\32\apache-tomcat-10.1.59\webapps\ROOT]
11-Sep-2026 23:36:50.750 INFO [main] org.apache.catalina.startup.HostConfig.deployDirectory Deployment of web application directory [C:\Users\GRU\Desktop\32\apache-tomcat-10.1.59\webapps\ROOT] has finished in [23] ms
11-Sep-2026 23:36:50.755 INFO [main] org.apache.coyote.AbstractProtocol.start Starting ProtocolHandler ["http-nio-80"]
11-Sep-2026 23:36:50.771 INFO [main] org.apache.catalina.startup.Catalina.start Server startup in [523] milliseconds
11-Sep-2026 23:39:32.982 INFO [main] org.apache.catalina.startup.VersionLoggerListener.log Имя версии сервера:    Apache Tomcat/10.1.59
11-Sep-2026 23:39:32.983 INFO [main] org.apache.catalina.startup.VersionLoggerListener.log Сервер собран:         Aug 13 2026 16:59:10 UTC
11-Sep-2026 23:39:32.984 INFO [main] org.apache.catalina.startup.VersionLoggerListener.log Номер версии сервера:  10.1.59.0
11-Sep-2026 23:39:32.984 INFO [main] org.apache.catalina.startup.VersionLoggerListener.log OS Name:               Windows 11
11-Sep-2026 23:39:32.984 INFO [main] org.apache.catalina.startup.VersionLoggerListener.log Версия ОС:             10.0
11-Sep-2026 23:39:32.984 INFO [main] org.apache.catalina.startup.VersionLoggerListener.log Архитектура:           amd64
11-Sep-2026 23:39:32.984 INFO [main] org.apache.catalina.startup.VersionLoggerListener.log Java Home:             C:\Program Files\Java\jdk-25.0.4.1
11-Sep-2026 23:39:32.984 INFO [main] org.apache.catalina.startup.VersionLoggerListener.log Версия JVM:            25.0.4.1+1-LTS-5
11-Sep-2026 23:39:32.984 INFO [main] org.apache.catalina.startup.VersionLoggerListener.log Производитель JVM:     Oracle Corporation
11-Sep-2026 23:39:32.985 INFO [main] org.apache.catalina.startup.VersionLoggerListener.log CATALINA_BASE:         C:\Users\GRU\Desktop\32\apache-tomcat-10.1.59
11-Sep-2026 23:39:32.985 INFO [main] org.apache.catalina.startup.VersionLoggerListener.log CATALINA_HOME:         C:\Users\GRU\Desktop\32\apache-tomcat-10.1.59
11-Sep-2026 23:39:32.991 INFO [main] org.apache.catalina.startup.VersionLoggerListener.log Command line argument: -Djava.util.logging.config.file=c:\Users\GRU\Desktop\32\apache-tomcat-10.1.59/conf/logging.properties
11-Sep-2026 23:39:32.992 INFO [main] org.apache.catalina.startup.VersionLoggerListener.log Command line argument: -Djava.util.logging.manager=org.apache.juli.ClassLoaderLogManager
11-Sep-2026 23:39:32.992 INFO [main] org.apache.catalina.startup.VersionLoggerListener.log Command line argument: -Djdk.tls.ephemeralDHKeySize=2048
11-Sep-2026 23:39:32.992 INFO [main] org.apache.catalina.startup.VersionLoggerListener.log Command line argument: -Djava.protocol.handler.pkgs=org.apache.catalina.webresources
11-Sep-2026 23:39:32.992 INFO [main] org.apache.catalina.startup.VersionLoggerListener.log Command line argument: -Dorg.apache.catalina.security.SecurityListener.UMASK=0027
11-Sep-2026 23:39:32.992 INFO [main] org.apache.catalina.startup.VersionLoggerListener.log Command line argument: -Dcatalina.base=c:\Users\GRU\Desktop\32\apache-tomcat-10.1.59
11-Sep-2026 23:39:32.992 INFO [main] org.apache.catalina.startup.VersionLoggerListener.log Command line argument: -Dcatalina.home=c:\Users\GRU\Desktop\32\apache-tomcat-10.1.59
11-Sep-2026 23:39:32.992 INFO [main] org.apache.catalina.startup.VersionLoggerListener.log Command line argument: -Djava.io.tmpdir=c:\Users\GRU\Desktop\32\apache-tomcat-10.1.59/temp
11-Sep-2026 23:39:32.996 INFO [main] org.apache.catalina.core.AprLifecycleListener.lifecycleEvent The Apache Tomcat Native library which allows using OpenSSL was not found on the java.library.path: [C:\Program Files\Java\jdk-25.0.4.1\bin;C:\WINDOWS\Sun\Java\bin;C:\WINDOWS\system32;C:\WINDOWS;C:\Program Files\Common Files\Oracle\Java\javapath;C:\WINDOWS\system32;C:\WINDOWS;C:\WINDOWS\System32\Wbem;C:\WINDOWS\System32\WindowsPowerShell\v1.0\;C:\WINDOWS\System32\OpenSSH\;C:\Program Files\NVIDIA Corporation\NVIDIA App\NvDLISR;C:\Program Files (x86)\NVIDIA Corporation\PhysX\Common;C:\Program Files (x86)\Windows Kits\10\Windows Performance Toolkit\;C:\Users\GRU\AppData\Local\Microsoft\WindowsApps;C:\Users\GRU\AppData\Local\Programs\Microsoft VS Code\bin;C:\Program Files\Java\jdk-25.0.4.1\bin;C:\Users\GRU\Desktop\32\apache-maven-3.9.16\bin;C:\Users\GRU\AppData\Local\Microsoft\WindowsApps;C:\Users\GRU\AppData\Local\Programs\Microsoft VS Code\bin;.]
11-Sep-2026 23:39:33.168 INFO [main] org.apache.coyote.AbstractProtocol.init Инициализация ProtocolHandler ["http-nio-8080"]
11-Sep-2026 23:39:33.185 INFO [main] org.apache.catalina.startup.Catalina.load Server initialization in [323] milliseconds
11-Sep-2026 23:39:33.210 INFO [main] org.apache.catalina.core.StandardService.startInternal Starting service [Catalina]
11-Sep-2026 23:39:33.210 INFO [main] org.apache.catalina.core.StandardEngine.startInternal Starting Servlet engine: [Apache Tomcat/10.1.59]
11-Sep-2026 23:39:33.217 INFO [main] org.apache.catalina.startup.HostConfig.deployDirectory Установка веб приложения в папку [C:\Users\GRU\Desktop\32\apache-tomcat-10.1.59\webapps\docs]
11-Sep-2026 23:39:33.397 INFO [main] org.apache.catalina.startup.HostConfig.deployDirectory Deployment of web application directory [C:\Users\GRU\Desktop\32\apache-tomcat-10.1.59\webapps\docs] has finished in [177] ms
11-Sep-2026 23:39:33.398 INFO [main] org.apache.catalina.startup.HostConfig.deployDirectory Установка веб приложения в папку [C:\Users\GRU\Desktop\32\apache-tomcat-10.1.59\webapps\examples]
11-Sep-2026 23:39:33.651 INFO [main] org.apache.catalina.startup.HostConfig.deployDirectory Deployment of web application directory [C:\Users\GRU\Desktop\32\apache-tomcat-10.1.59\webapps\examples] has finished in [253] ms
11-Sep-2026 23:39:33.651 INFO [main] org.apache.catalina.startup.HostConfig.deployDirectory Установка веб приложения в папку [C:\Users\GRU\Desktop\32\apache-tomcat-10.1.59\webapps\host-manager]
11-Sep-2026 23:39:33.676 INFO [main] org.apache.catalina.startup.HostConfig.deployDirectory Deployment of web application directory [C:\Users\GRU\Desktop\32\apache-tomcat-10.1.59\webapps\host-manager] has finished in [25] ms
11-Sep-2026 23:39:33.677 INFO [main] org.apache.catalina.startup.HostConfig.deployDirectory Установка веб приложения в папку [C:\Users\GRU\Desktop\32\apache-tomcat-10.1.59\webapps\manager]
11-Sep-2026 23:39:33.701 INFO [main] org.apache.catalina.startup.HostConfig.deployDirectory Deployment of web application directory [C:\Users\GRU\Desktop\32\apache-tomcat-10.1.59\webapps\manager] has finished in [24] ms
11-Sep-2026 23:39:33.701 INFO [main] org.apache.catalina.startup.HostConfig.deployDirectory Установка веб приложения в папку [C:\Users\GRU\Desktop\32\apache-tomcat-10.1.59\webapps\ROOT]
11-Sep-2026 23:39:33.717 INFO [main] org.apache.catalina.startup.HostConfig.deployDirectory Deployment of web application directory [C:\Users\GRU\Desktop\32\apache-tomcat-10.1.59\webapps\ROOT] has finished in [16] ms
11-Sep-2026 23:39:33.721 INFO [main] org.apache.coyote.AbstractProtocol.start Starting ProtocolHandler ["http-nio-8080"]
11-Sep-2026 23:39:33.738 INFO [main] org.apache.catalina.startup.Catalina.start Server startup in [551] milliseconds
11-Sep-2026 23:39:52.500 INFO [main] org.apache.catalina.core.StandardServer.await A valid shutdown command was received via the shutdown port. Stopping the Server instance.
11-Sep-2026 23:39:52.500 INFO [main] org.apache.coyote.AbstractProtocol.pause Pausing ProtocolHandler ["http-nio-8080"]
11-Sep-2026 23:39:52.505 INFO [main] org.apache.catalina.core.StandardService.stopInternal Stopping service [Catalina]
11-Sep-2026 23:39:52.508 WARNING [main] org.apache.catalina.loader.WebappClassLoaderBase.checkThreadLocalsForLeaks Вам нужно добавить "--add-opens=java.base/java.lang=ALL-UNNAMED" к аргументам командной строки JVM, чтобы включить обнаружение утечек памяти ThreadLocal. Также Вы можете  пресечь появление этого предупреждения, отключив обнаружение утечек памяти ThreadLocal.
11-Sep-2026 23:39:52.508 WARNING [main] org.apache.catalina.loader.WebappClassLoaderBase.clearReferencesRmiTargets You need to add "--add-opens=java.rmi/sun.rmi.transport=ALL-UNNAMED" to the JVM command line arguments to enable RMI Target memory leak detection. Alternatively, you can suppress this warning by disabling RMI Target memory leak detection.
11-Sep-2026 23:39:52.510 WARNING [main] org.apache.catalina.loader.WebappClassLoaderBase.checkThreadLocalsForLeaks Вам нужно добавить "--add-opens=java.base/java.lang=ALL-UNNAMED" к аргументам командной строки JVM, чтобы включить обнаружение утечек памяти ThreadLocal. Также Вы можете  пресечь появление этого предупреждения, отключив обнаружение утечек памяти ThreadLocal.
11-Sep-2026 23:39:52.510 WARNING [main] org.apache.catalina.loader.WebappClassLoaderBase.clearReferencesRmiTargets You need to add "--add-opens=java.rmi/sun.rmi.transport=ALL-UNNAMED" to the JVM command line arguments to enable RMI Target memory leak detection. Alternatively, you can suppress this warning by disabling RMI Target memory leak detection.
11-Sep-2026 23:39:52.512 WARNING [main] org.apache.catalina.loader.WebappClassLoaderBase.checkThreadLocalsForLeaks Вам нужно добавить "--add-opens=java.base/java.lang=ALL-UNNAMED" к аргументам командной строки JVM, чтобы включить обнаружение утечек памяти ThreadLocal. Также Вы можете  пресечь появление этого предупреждения, отключив обнаружение утечек памяти ThreadLocal.
11-Sep-2026 23:39:52.512 WARNING [main] org.apache.catalina.loader.WebappClassLoaderBase.clearReferencesRmiTargets You need to add "--add-opens=java.rmi/sun.rmi.transport=ALL-UNNAMED" to the JVM command line arguments to enable RMI Target memory leak detection. Alternatively, you can suppress this warning by disabling RMI Target memory leak detection.
11-Sep-2026 23:39:52.513 WARNING [main] org.apache.catalina.loader.WebappClassLoaderBase.checkThreadLocalsForLeaks Вам нужно добавить "--add-opens=java.base/java.lang=ALL-UNNAMED" к аргументам командной строки JVM, чтобы включить обнаружение утечек памяти ThreadLocal. Также Вы можете  пресечь появление этого предупреждения, отключив обнаружение утечек памяти ThreadLocal.
11-Sep-2026 23:39:52.513 WARNING [main] org.apache.catalina.loader.WebappClassLoaderBase.clearReferencesRmiTargets You need to add "--add-opens=java.rmi/sun.rmi.transport=ALL-UNNAMED" to the JVM command line arguments to enable RMI Target memory leak detection. Alternatively, you can suppress this warning by disabling RMI Target memory leak detection.
11-Sep-2026 23:39:52.515 WARNING [main] org.apache.catalina.loader.WebappClassLoaderBase.checkThreadLocalsForLeaks Вам нужно добавить "--add-opens=java.base/java.lang=ALL-UNNAMED" к аргументам командной строки JVM, чтобы включить обнаружение утечек памяти ThreadLocal. Также Вы можете  пресечь появление этого предупреждения, отключив обнаружение утечек памяти ThreadLocal.
11-Sep-2026 23:39:52.516 WARNING [main] org.apache.catalina.loader.WebappClassLoaderBase.clearReferencesRmiTargets You need to add "--add-opens=java.rmi/sun.rmi.transport=ALL-UNNAMED" to the JVM command line arguments to enable RMI Target memory leak detection. Alternatively, you can suppress this warning by disabling RMI Target memory leak detection.
11-Sep-2026 23:39:52.516 INFO [main] org.apache.coyote.AbstractProtocol.stop Stopping ProtocolHandler ["http-nio-8080"]
11-Sep-2026 23:39:52.532 INFO [main] org.apache.coyote.AbstractProtocol.destroy Destroying ProtocolHandler ["http-nio-8080"]
11-Sep-2026 23:42:53.191 INFO [main] org.apache.catalina.startup.VersionLoggerListener.log Имя версии сервера:    Apache Tomcat/10.1.59
11-Sep-2026 23:42:53.193 INFO [main] org.apache.catalina.startup.VersionLoggerListener.log Сервер собран:         Aug 13 2026 16:59:10 UTC
11-Sep-2026 23:42:53.194 INFO [main] org.apache.catalina.startup.VersionLoggerListener.log Номер версии сервера:  10.1.59.0
11-Sep-2026 23:42:53.194 INFO [main] org.apache.catalina.startup.VersionLoggerListener.log OS Name:               Windows 11
11-Sep-2026 23:42:53.194 INFO [main] org.apache.catalina.startup.VersionLoggerListener.log Версия ОС:             10.0
11-Sep-2026 23:42:53.194 INFO [main] org.apache.catalina.startup.VersionLoggerListener.log Архитектура:           amd64
11-Sep-2026 23:42:53.194 INFO [main] org.apache.catalina.startup.VersionLoggerListener.log Java Home:             C:\Program Files\Java\jdk-25.0.4.1
11-Sep-2026 23:42:53.194 INFO [main] org.apache.catalina.startup.VersionLoggerListener.log Версия JVM:            25.0.4.1+1-LTS-5
11-Sep-2026 23:42:53.194 INFO [main] org.apache.catalina.startup.VersionLoggerListener.log Производитель JVM:     Oracle Corporation
11-Sep-2026 23:42:53.195 INFO [main] org.apache.catalina.startup.VersionLoggerListener.log CATALINA_BASE:         C:\Users\GRU\Desktop\32\apache-tomcat-10.1.59
11-Sep-2026 23:42:53.195 INFO [main] org.apache.catalina.startup.VersionLoggerListener.log CATALINA_HOME:         C:\Users\GRU\Desktop\32\apache-tomcat-10.1.59
11-Sep-2026 23:42:53.202 INFO [main] org.apache.catalina.startup.VersionLoggerListener.log Command line argument: -Djava.util.logging.config.file=c:\Users\GRU\Desktop\32\apache-tomcat-10.1.59/conf/logging.properties
11-Sep-2026 23:42:53.202 INFO [main] org.apache.catalina.startup.VersionLoggerListener.log Command line argument: -Djava.util.logging.manager=org.apache.juli.ClassLoaderLogManager
11-Sep-2026 23:42:53.202 INFO [main] org.apache.catalina.startup.VersionLoggerListener.log Command line argument: -Djdk.tls.ephemeralDHKeySize=2048
11-Sep-2026 23:42:53.203 INFO [main] org.apache.catalina.startup.VersionLoggerListener.log Command line argument: -Djava.protocol.handler.pkgs=org.apache.catalina.webresources
11-Sep-2026 23:42:53.203 INFO [main] org.apache.catalina.startup.VersionLoggerListener.log Command line argument: -Dorg.apache.catalina.security.SecurityListener.UMASK=0027
11-Sep-2026 23:42:53.203 INFO [main] org.apache.catalina.startup.VersionLoggerListener.log Command line argument: -Dcatalina.base=c:\Users\GRU\Desktop\32\apache-tomcat-10.1.59
11-Sep-2026 23:42:53.203 INFO [main] org.apache.catalina.startup.VersionLoggerListener.log Command line argument: -Dcatalina.home=c:\Users\GRU\Desktop\32\apache-tomcat-10.1.59
11-Sep-2026 23:42:53.203 INFO [main] org.apache.catalina.startup.VersionLoggerListener.log Command line argument: -Djava.io.tmpdir=c:\Users\GRU\Desktop\32\apache-tomcat-10.1.59/temp
11-Sep-2026 23:42:53.206 INFO [main] org.apache.catalina.core.AprLifecycleListener.lifecycleEvent The Apache Tomcat Native library which allows using OpenSSL was not found on the java.library.path: [C:\Program Files\Java\jdk-25.0.4.1\bin;C:\WINDOWS\Sun\Java\bin;C:\WINDOWS\system32;C:\WINDOWS;C:\Program Files\Common Files\Oracle\Java\javapath;C:\WINDOWS\system32;C:\WINDOWS;C:\WINDOWS\System32\Wbem;C:\WINDOWS\System32\WindowsPowerShell\v1.0\;C:\WINDOWS\System32\OpenSSH\;C:\Program Files\NVIDIA Corporation\NVIDIA App\NvDLISR;C:\Program Files (x86)\NVIDIA Corporation\PhysX\Common;C:\Program Files (x86)\Windows Kits\10\Windows Performance Toolkit\;C:\Users\GRU\AppData\Local\Microsoft\WindowsApps;C:\Users\GRU\AppData\Local\Programs\Microsoft VS Code\bin;C:\Program Files\Java\jdk-25.0.4.1\bin;C:\Users\GRU\Desktop\32\apache-maven-3.9.16\bin;C:\Users\GRU\AppData\Local\Microsoft\WindowsApps;C:\Users\GRU\AppData\Local\Programs\Microsoft VS Code\bin;.]
11-Sep-2026 23:42:53.363 INFO [main] org.apache.coyote.AbstractProtocol.init Инициализация ProtocolHandler ["http-nio-8080"]
11-Sep-2026 23:42:53.378 INFO [main] org.apache.catalina.startup.Catalina.load Server initialization in [297] milliseconds
11-Sep-2026 23:42:53.404 INFO [main] org.apache.catalina.core.StandardService.startInternal Starting service [Catalina]
11-Sep-2026 23:42:53.405 INFO [main] org.apache.catalina.core.StandardEngine.startInternal Starting Servlet engine: [Apache Tomcat/10.1.59]
11-Sep-2026 23:42:53.420 INFO [main] org.apache.catalina.startup.HostConfig.deployWAR Deploying web application archive [C:\Users\GRU\Desktop\32\apache-tomcat-10.1.59\webapps\labtwo.war]
11-Sep-2026 23:42:53.588 INFO [main] org.apache.catalina.startup.HostConfig.deployWAR Deployment of web application archive [C:\Users\GRU\Desktop\32\apache-tomcat-10.1.59\webapps\labtwo.war] has finished in [165] ms
11-Sep-2026 23:42:53.588 INFO [main] org.apache.catalina.startup.HostConfig.deployDirectory Установка веб приложения в папку [C:\Users\GRU\Desktop\32\apache-tomcat-10.1.59\webapps\docs]
11-Sep-2026 23:42:53.616 INFO [main] org.apache.catalina.startup.HostConfig.deployDirectory Deployment of web application directory [C:\Users\GRU\Desktop\32\apache-tomcat-10.1.59\webapps\docs] has finished in [28] ms
11-Sep-2026 23:42:53.618 INFO [main] org.apache.catalina.startup.HostConfig.deployDirectory Установка веб приложения в папку [C:\Users\GRU\Desktop\32\apache-tomcat-10.1.59\webapps\examples]
11-Sep-2026 23:42:53.849 INFO [main] org.apache.catalina.startup.HostConfig.deployDirectory Deployment of web application directory [C:\Users\GRU\Desktop\32\apache-tomcat-10.1.59\webapps\examples] has finished in [231] ms
11-Sep-2026 23:42:53.850 INFO [main] org.apache.catalina.startup.HostConfig.deployDirectory Установка веб приложения в папку [C:\Users\GRU\Desktop\32\apache-tomcat-10.1.59\webapps\host-manager]
11-Sep-2026 23:42:53.876 INFO [main] org.apache.catalina.startup.HostConfig.deployDirectory Deployment of web application directory [C:\Users\GRU\Desktop\32\apache-tomcat-10.1.59\webapps\host-manager] has finished in [26] ms
11-Sep-2026 23:42:53.877 INFO [main] org.apache.catalina.startup.HostConfig.deployDirectory Установка веб приложения в папку [C:\Users\GRU\Desktop\32\apache-tomcat-10.1.59\webapps\manager]
11-Sep-2026 23:42:53.897 INFO [main] org.apache.catalina.startup.HostConfig.deployDirectory Deployment of web application directory [C:\Users\GRU\Desktop\32\apache-tomcat-10.1.59\webapps\manager] has finished in [21] ms
11-Sep-2026 23:42:53.897 INFO [main] org.apache.catalina.startup.HostConfig.deployDirectory Установка веб приложения в папку [C:\Users\GRU\Desktop\32\apache-tomcat-10.1.59\webapps\ROOT]
11-Sep-2026 23:42:53.917 INFO [main] org.apache.catalina.startup.HostConfig.deployDirectory Deployment of web application directory [C:\Users\GRU\Desktop\32\apache-tomcat-10.1.59\webapps\ROOT] has finished in [20] ms
11-Sep-2026 23:42:53.920 INFO [main] org.apache.coyote.AbstractProtocol.start Starting ProtocolHandler ["http-nio-8080"]
11-Sep-2026 23:42:53.936 INFO [main] org.apache.catalina.startup.Catalina.start Server startup in [557] milliseconds
11-Sep-2026 23:45:44.051 INFO [Catalina-utility-2] org.apache.catalina.startup.HostConfig.undeploy Undeploying context [/labtwo]
11-Sep-2026 23:45:44.056 WARNING [Catalina-utility-2] org.apache.catalina.loader.WebappClassLoaderBase.checkThreadLocalsForLeaks Вам нужно добавить "--add-opens=java.base/java.lang=ALL-UNNAMED" к аргументам командной строки JVM, чтобы включить обнаружение утечек памяти ThreadLocal. Также Вы можете  пресечь появление этого предупреждения, отключив обнаружение утечек памяти ThreadLocal.
11-Sep-2026 23:45:44.057 WARNING [Catalina-utility-2] org.apache.catalina.loader.WebappClassLoaderBase.clearReferencesRmiTargets You need to add "--add-opens=java.rmi/sun.rmi.transport=ALL-UNNAMED" to the JVM command line arguments to enable RMI Target memory leak detection. Alternatively, you can suppress this warning by disabling RMI Target memory leak detection.
11-Sep-2026 23:45:44.064 INFO [Catalina-utility-2] org.apache.catalina.startup.HostConfig.deployWAR Deploying web application archive [C:\Users\GRU\Desktop\32\apache-tomcat-10.1.59\webapps\labtwo.war]
11-Sep-2026 23:45:44.088 INFO [Catalina-utility-2] org.apache.catalina.startup.HostConfig.deployWAR Deployment of web application archive [C:\Users\GRU\Desktop\32\apache-tomcat-10.1.59\webapps\labtwo.war] has finished in [24] ms
11-Sep-2026 23:45:48.593 INFO [main] org.apache.catalina.core.StandardServer.await A valid shutdown command was received via the shutdown port. Stopping the Server instance.
11-Sep-2026 23:45:48.594 INFO [main] org.apache.coyote.AbstractProtocol.pause Pausing ProtocolHandler ["http-nio-8080"]
11-Sep-2026 23:45:48.597 INFO [main] org.apache.catalina.core.StandardService.stopInternal Stopping service [Catalina]
11-Sep-2026 23:45:48.599 WARNING [main] org.apache.catalina.loader.WebappClassLoaderBase.checkThreadLocalsForLeaks Вам нужно добавить "--add-opens=java.base/java.lang=ALL-UNNAMED" к аргументам командной строки JVM, чтобы включить обнаружение утечек памяти ThreadLocal. Также Вы можете  пресечь появление этого предупреждения, отключив обнаружение утечек памяти ThreadLocal.
11-Sep-2026 23:45:48.600 WARNING [main] org.apache.catalina.loader.WebappClassLoaderBase.clearReferencesRmiTargets You need to add "--add-opens=java.rmi/sun.rmi.transport=ALL-UNNAMED" to the JVM command line arguments to enable RMI Target memory leak detection. Alternatively, you can suppress this warning by disabling RMI Target memory leak detection.
11-Sep-2026 23:45:48.601 WARNING [main] org.apache.catalina.loader.WebappClassLoaderBase.checkThreadLocalsForLeaks Вам нужно добавить "--add-opens=java.base/java.lang=ALL-UNNAMED" к аргументам командной строки JVM, чтобы включить обнаружение утечек памяти ThreadLocal. Также Вы можете  пресечь появление этого предупреждения, отключив обнаружение утечек памяти ThreadLocal.
11-Sep-2026 23:45:48.601 WARNING [main] org.apache.catalina.loader.WebappClassLoaderBase.clearReferencesRmiTargets You need to add "--add-opens=java.rmi/sun.rmi.transport=ALL-UNNAMED" to the JVM command line arguments to enable RMI Target memory leak detection. Alternatively, you can suppress this warning by disabling RMI Target memory leak detection.
11-Sep-2026 23:45:48.604 WARNING [main] org.apache.catalina.loader.WebappClassLoaderBase.checkThreadLocalsForLeaks Вам нужно добавить "--add-opens=java.base/java.lang=ALL-UNNAMED" к аргументам командной строки JVM, чтобы включить обнаружение утечек памяти ThreadLocal. Также Вы можете  пресечь появление этого предупреждения, отключив обнаружение утечек памяти ThreadLocal.
11-Sep-2026 23:45:48.604 WARNING [main] org.apache.catalina.loader.WebappClassLoaderBase.clearReferencesRmiTargets You need to add "--add-opens=java.rmi/sun.rmi.transport=ALL-UNNAMED" to the JVM command line arguments to enable RMI Target memory leak detection. Alternatively, you can suppress this warning by disabling RMI Target memory leak detection.
11-Sep-2026 23:45:48.605 WARNING [main] org.apache.catalina.loader.WebappClassLoaderBase.checkThreadLocalsForLeaks Вам нужно добавить "--add-opens=java.base/java.lang=ALL-UNNAMED" к аргументам командной строки JVM, чтобы включить обнаружение утечек памяти ThreadLocal. Также Вы можете  пресечь появление этого предупреждения, отключив обнаружение утечек памяти ThreadLocal.
11-Sep-2026 23:45:48.605 WARNING [main] org.apache.catalina.loader.WebappClassLoaderBase.clearReferencesRmiTargets You need to add "--add-opens=java.rmi/sun.rmi.transport=ALL-UNNAMED" to the JVM command line arguments to enable RMI Target memory leak detection. Alternatively, you can suppress this warning by disabling RMI Target memory leak detection.
11-Sep-2026 23:45:48.606 WARNING [main] org.apache.catalina.loader.WebappClassLoaderBase.checkThreadLocalsForLeaks Вам нужно добавить "--add-opens=java.base/java.lang=ALL-UNNAMED" к аргументам командной строки JVM, чтобы включить обнаружение утечек памяти ThreadLocal. Также Вы можете  пресечь появление этого предупреждения, отключив обнаружение утечек памяти ThreadLocal.
11-Sep-2026 23:45:48.606 WARNING [main] org.apache.catalina.loader.WebappClassLoaderBase.clearReferencesRmiTargets You need to add "--add-opens=java.rmi/sun.rmi.transport=ALL-UNNAMED" to the JVM command line arguments to enable RMI Target memory leak detection. Alternatively, you can suppress this warning by disabling RMI Target memory leak detection.
11-Sep-2026 23:45:48.607 WARNING [main] org.apache.catalina.loader.WebappClassLoaderBase.checkThreadLocalsForLeaks Вам нужно добавить "--add-opens=java.base/java.lang=ALL-UNNAMED" к аргументам командной строки JVM, чтобы включить обнаружение утечек памяти ThreadLocal. Также Вы можете  пресечь появление этого предупреждения, отключив обнаружение утечек памяти ThreadLocal.
11-Sep-2026 23:45:48.607 WARNING [main] org.apache.catalina.loader.WebappClassLoaderBase.clearReferencesRmiTargets You need to add "--add-opens=java.rmi/sun.rmi.transport=ALL-UNNAMED" to the JVM command line arguments to enable RMI Target memory leak detection. Alternatively, you can suppress this warning by disabling RMI Target memory leak detection.
11-Sep-2026 23:45:48.607 INFO [main] org.apache.coyote.AbstractProtocol.stop Stopping ProtocolHandler ["http-nio-8080"]
11-Sep-2026 23:45:48.620 INFO [main] org.apache.coyote.AbstractProtocol.destroy Destroying ProtocolHandler ["http-nio-8080"]
11-Sep-2026 23:46:13.743 INFO [main] org.apache.catalina.startup.VersionLoggerListener.log Имя версии сервера:    Apache Tomcat/10.1.59
11-Sep-2026 23:46:13.746 INFO [main] org.apache.catalina.startup.VersionLoggerListener.log Сервер собран:         Aug 13 2026 16:59:10 UTC
11-Sep-2026 23:46:13.746 INFO [main] org.apache.catalina.startup.VersionLoggerListener.log Номер версии сервера:  10.1.59.0
11-Sep-2026 23:46:13.746 INFO [main] org.apache.catalina.startup.VersionLoggerListener.log OS Name:               Windows 11
11-Sep-2026 23:46:13.746 INFO [main] org.apache.catalina.startup.VersionLoggerListener.log Версия ОС:             10.0
11-Sep-2026 23:46:13.747 INFO [main] org.apache.catalina.startup.VersionLoggerListener.log Архитектура:           amd64
11-Sep-2026 23:46:13.747 INFO [main] org.apache.catalina.startup.VersionLoggerListener.log Java Home:             C:\Program Files\Java\jdk-25.0.4.1
11-Sep-2026 23:46:13.747 INFO [main] org.apache.catalina.startup.VersionLoggerListener.log Версия JVM:            25.0.4.1+1-LTS-5
11-Sep-2026 23:46:13.747 INFO [main] org.apache.catalina.startup.VersionLoggerListener.log Производитель JVM:     Oracle Corporation
11-Sep-2026 23:46:13.747 INFO [main] org.apache.catalina.startup.VersionLoggerListener.log CATALINA_BASE:         C:\Users\GRU\Desktop\32\apache-tomcat-10.1.59
11-Sep-2026 23:46:13.747 INFO [main] org.apache.catalina.startup.VersionLoggerListener.log CATALINA_HOME:         C:\Users\GRU\Desktop\32\apache-tomcat-10.1.59
11-Sep-2026 23:46:13.754 INFO [main] org.apache.catalina.startup.VersionLoggerListener.log Command line argument: -Djava.util.logging.config.file=c:\Users\GRU\Desktop\32\apache-tomcat-10.1.59/conf/logging.properties
11-Sep-2026 23:46:13.754 INFO [main] org.apache.catalina.startup.VersionLoggerListener.log Command line argument: -Djava.util.logging.manager=org.apache.juli.ClassLoaderLogManager
11-Sep-2026 23:46:13.754 INFO [main] org.apache.catalina.startup.VersionLoggerListener.log Command line argument: -Djdk.tls.ephemeralDHKeySize=2048
11-Sep-2026 23:46:13.754 INFO [main] org.apache.catalina.startup.VersionLoggerListener.log Command line argument: -Djava.protocol.handler.pkgs=org.apache.catalina.webresources
11-Sep-2026 23:46:13.755 INFO [main] org.apache.catalina.startup.VersionLoggerListener.log Command line argument: -Dorg.apache.catalina.security.SecurityListener.UMASK=0027
11-Sep-2026 23:46:13.755 INFO [main] org.apache.catalina.startup.VersionLoggerListener.log Command line argument: -Dcatalina.base=c:\Users\GRU\Desktop\32\apache-tomcat-10.1.59
11-Sep-2026 23:46:13.755 INFO [main] org.apache.catalina.startup.VersionLoggerListener.log Command line argument: -Dcatalina.home=c:\Users\GRU\Desktop\32\apache-tomcat-10.1.59
11-Sep-2026 23:46:13.755 INFO [main] org.apache.catalina.startup.VersionLoggerListener.log Command line argument: -Djava.io.tmpdir=c:\Users\GRU\Desktop\32\apache-tomcat-10.1.59/temp
11-Sep-2026 23:46:13.758 INFO [main] org.apache.catalina.core.AprLifecycleListener.lifecycleEvent The Apache Tomcat Native library which allows using OpenSSL was not found on the java.library.path: [C:\Program Files\Java\jdk-25.0.4.1\bin;C:\WINDOWS\Sun\Java\bin;C:\WINDOWS\system32;C:\WINDOWS;C:\Program Files\Common Files\Oracle\Java\javapath;C:\WINDOWS\system32;C:\WINDOWS;C:\WINDOWS\System32\Wbem;C:\WINDOWS\System32\WindowsPowerShell\v1.0\;C:\WINDOWS\System32\OpenSSH\;C:\Program Files\NVIDIA Corporation\NVIDIA App\NvDLISR;C:\Program Files (x86)\NVIDIA Corporation\PhysX\Common;C:\Program Files (x86)\Windows Kits\10\Windows Performance Toolkit\;C:\Users\GRU\AppData\Local\Microsoft\WindowsApps;C:\Users\GRU\AppData\Local\Programs\Microsoft VS Code\bin;C:\Program Files\Java\jdk-25.0.4.1\bin;C:\Users\GRU\Desktop\32\apache-maven-3.9.16\bin;C:\Users\GRU\AppData\Local\Microsoft\WindowsApps;C:\Users\GRU\AppData\Local\Programs\Microsoft VS Code\bin;.]
11-Sep-2026 23:46:13.913 INFO [main] org.apache.coyote.AbstractProtocol.init Инициализация ProtocolHandler ["http-nio-8080"]
11-Sep-2026 23:46:13.930 INFO [main] org.apache.catalina.startup.Catalina.load Server initialization in [298] milliseconds
11-Sep-2026 23:46:13.956 INFO [main] org.apache.catalina.core.StandardService.startInternal Starting service [Catalina]
11-Sep-2026 23:46:13.956 INFO [main] org.apache.catalina.core.StandardEngine.startInternal Starting Servlet engine: [Apache Tomcat/10.1.59]
11-Sep-2026 23:46:13.972 INFO [main] org.apache.catalina.startup.HostConfig.deployWAR Deploying web application archive [C:\Users\GRU\Desktop\32\apache-tomcat-10.1.59\webapps\labtwo.war]
11-Sep-2026 23:46:14.141 INFO [main] org.apache.catalina.startup.HostConfig.deployWAR Deployment of web application archive [C:\Users\GRU\Desktop\32\apache-tomcat-10.1.59\webapps\labtwo.war] has finished in [166] ms
11-Sep-2026 23:46:14.141 INFO [main] org.apache.catalina.startup.HostConfig.deployDirectory Установка веб приложения в папку [C:\Users\GRU\Desktop\32\apache-tomcat-10.1.59\webapps\docs]
11-Sep-2026 23:46:14.168 INFO [main] org.apache.catalina.startup.HostConfig.deployDirectory Deployment of web application directory [C:\Users\GRU\Desktop\32\apache-tomcat-10.1.59\webapps\docs] has finished in [27] ms
11-Sep-2026 23:46:14.168 INFO [main] org.apache.catalina.startup.HostConfig.deployDirectory Установка веб приложения в папку [C:\Users\GRU\Desktop\32\apache-tomcat-10.1.59\webapps\examples]
11-Sep-2026 23:46:14.403 INFO [main] org.apache.catalina.startup.HostConfig.deployDirectory Deployment of web application directory [C:\Users\GRU\Desktop\32\apache-tomcat-10.1.59\webapps\examples] has finished in [235] ms
11-Sep-2026 23:46:14.403 INFO [main] org.apache.catalina.startup.HostConfig.deployDirectory Установка веб приложения в папку [C:\Users\GRU\Desktop\32\apache-tomcat-10.1.59\webapps\host-manager]
11-Sep-2026 23:46:14.429 INFO [main] org.apache.catalina.startup.HostConfig.deployDirectory Deployment of web application directory [C:\Users\GRU\Desktop\32\apache-tomcat-10.1.59\webapps\host-manager] has finished in [26] ms
11-Sep-2026 23:46:14.429 INFO [main] org.apache.catalina.startup.HostConfig.deployDirectory Установка веб приложения в папку [C:\Users\GRU\Desktop\32\apache-tomcat-10.1.59\webapps\manager]
11-Sep-2026 23:46:14.453 INFO [main] org.apache.catalina.startup.HostConfig.deployDirectory Deployment of web application directory [C:\Users\GRU\Desktop\32\apache-tomcat-10.1.59\webapps\manager] has finished in [24] ms
11-Sep-2026 23:46:14.453 INFO [main] org.apache.catalina.startup.HostConfig.deployDirectory Установка веб приложения в папку [C:\Users\GRU\Desktop\32\apache-tomcat-10.1.59\webapps\ROOT]
11-Sep-2026 23:46:14.468 INFO [main] org.apache.catalina.startup.HostConfig.deployDirectory Deployment of web application directory [C:\Users\GRU\Desktop\32\apache-tomcat-10.1.59\webapps\ROOT] has finished in [15] ms
11-Sep-2026 23:46:14.471 INFO [main] org.apache.coyote.AbstractProtocol.start Starting ProtocolHandler ["http-nio-8080"]
11-Sep-2026 23:46:14.495 INFO [main] org.apache.catalina.startup.Catalina.start Server startup in [562] milliseconds
11-Sep-2026 23:47:04.499 INFO [Catalina-utility-1] org.apache.catalina.startup.HostConfig.undeploy Undeploying context [/labtwo]
11-Sep-2026 23:47:04.504 WARNING [Catalina-utility-1] org.apache.catalina.loader.WebappClassLoaderBase.checkThreadLocalsForLeaks Вам нужно добавить "--add-opens=java.base/java.lang=ALL-UNNAMED" к аргументам командной строки JVM, чтобы включить обнаружение утечек памяти ThreadLocal. Также Вы можете  пресечь появление этого предупреждения, отключив обнаружение утечек памяти ThreadLocal.
11-Sep-2026 23:47:04.504 WARNING [Catalina-utility-1] org.apache.catalina.loader.WebappClassLoaderBase.clearReferencesRmiTargets You need to add "--add-opens=java.rmi/sun.rmi.transport=ALL-UNNAMED" to the JVM command line arguments to enable RMI Target memory leak detection. Alternatively, you can suppress this warning by disabling RMI Target memory leak detection.
11-Sep-2026 23:47:04.513 INFO [Catalina-utility-1] org.apache.catalina.startup.HostConfig.deployWAR Deploying web application archive [C:\Users\GRU\Desktop\32\apache-tomcat-10.1.59\webapps\labtwo.war]
11-Sep-2026 23:47:04.547 INFO [Catalina-utility-1] org.apache.catalina.startup.HostConfig.deployWAR Deployment of web application archive [C:\Users\GRU\Desktop\32\apache-tomcat-10.1.59\webapps\labtwo.war] has finished in [34] ms
11-Sep-2026 23:48:04.589 INFO [Catalina-utility-1] org.apache.catalina.startup.HostConfig.undeploy Undeploying context [/labtwo]
11-Sep-2026 23:48:04.591 WARNING [Catalina-utility-1] org.apache.catalina.loader.WebappClassLoaderBase.checkThreadLocalsForLeaks Вам нужно добавить "--add-opens=java.base/java.lang=ALL-UNNAMED" к аргументам командной строки JVM, чтобы включить обнаружение утечек памяти ThreadLocal. Также Вы можете  пресечь появление этого предупреждения, отключив обнаружение утечек памяти ThreadLocal.
11-Sep-2026 23:48:04.591 WARNING [Catalina-utility-1] org.apache.catalina.loader.WebappClassLoaderBase.clearReferencesRmiTargets You need to add "--add-opens=java.rmi/sun.rmi.transport=ALL-UNNAMED" to the JVM command line arguments to enable RMI Target memory leak detection. Alternatively, you can suppress this warning by disabling RMI Target memory leak detection.
11-Sep-2026 23:48:04.599 INFO [Catalina-utility-1] org.apache.catalina.startup.HostConfig.deployWAR Deploying web application archive [C:\Users\GRU\Desktop\32\apache-tomcat-10.1.59\webapps\labtwo.war]
11-Sep-2026 23:48:04.624 INFO [Catalina-utility-1] org.apache.catalina.startup.HostConfig.deployWAR Deployment of web application archive [C:\Users\GRU\Desktop\32\apache-tomcat-10.1.59\webapps\labtwo.war] has finished in [25] ms
11-Sep-2026 23:48:49.404 INFO [main] org.apache.catalina.core.StandardServer.await A valid shutdown command was received via the shutdown port. Stopping the Server instance.
11-Sep-2026 23:48:49.404 INFO [main] org.apache.coyote.AbstractProtocol.pause Pausing ProtocolHandler ["http-nio-8080"]
11-Sep-2026 23:48:49.408 INFO [main] org.apache.catalina.core.StandardService.stopInternal Stopping service [Catalina]
11-Sep-2026 23:48:49.409 WARNING [main] org.apache.catalina.loader.WebappClassLoaderBase.checkThreadLocalsForLeaks Вам нужно добавить "--add-opens=java.base/java.lang=ALL-UNNAMED" к аргументам командной строки JVM, чтобы включить обнаружение утечек памяти ThreadLocal. Также Вы можете  пресечь появление этого предупреждения, отключив обнаружение утечек памяти ThreadLocal.
11-Sep-2026 23:48:49.409 WARNING [main] org.apache.catalina.loader.WebappClassLoaderBase.clearReferencesRmiTargets You need to add "--add-opens=java.rmi/sun.rmi.transport=ALL-UNNAMED" to the JVM command line arguments to enable RMI Target memory leak detection. Alternatively, you can suppress this warning by disabling RMI Target memory leak detection.
11-Sep-2026 23:48:49.410 WARNING [main] org.apache.catalina.loader.WebappClassLoaderBase.checkThreadLocalsForLeaks Вам нужно добавить "--add-opens=java.base/java.lang=ALL-UNNAMED" к аргументам командной строки JVM, чтобы включить обнаружение утечек памяти ThreadLocal. Также Вы можете  пресечь появление этого предупреждения, отключив обнаружение утечек памяти ThreadLocal.
11-Sep-2026 23:48:49.410 WARNING [main] org.apache.catalina.loader.WebappClassLoaderBase.clearReferencesRmiTargets You need to add "--add-opens=java.rmi/sun.rmi.transport=ALL-UNNAMED" to the JVM command line arguments to enable RMI Target memory leak detection. Alternatively, you can suppress this warning by disabling RMI Target memory leak detection.
11-Sep-2026 23:48:49.413 WARNING [main] org.apache.catalina.loader.WebappClassLoaderBase.checkThreadLocalsForLeaks Вам нужно добавить "--add-opens=java.base/java.lang=ALL-UNNAMED" к аргументам командной строки JVM, чтобы включить обнаружение утечек памяти ThreadLocal. Также Вы можете  пресечь появление этого предупреждения, отключив обнаружение утечек памяти ThreadLocal.
11-Sep-2026 23:48:49.413 WARNING [main] org.apache.catalina.loader.WebappClassLoaderBase.clearReferencesRmiTargets You need to add "--add-opens=java.rmi/sun.rmi.transport=ALL-UNNAMED" to the JVM command line arguments to enable RMI Target memory leak detection. Alternatively, you can suppress this warning by disabling RMI Target memory leak detection.
11-Sep-2026 23:48:49.413 WARNING [main] org.apache.catalina.loader.WebappClassLoaderBase.checkThreadLocalsForLeaks Вам нужно добавить "--add-opens=java.base/java.lang=ALL-UNNAMED" к аргументам командной строки JVM, чтобы включить обнаружение утечек памяти ThreadLocal. Также Вы можете  пресечь появление этого предупреждения, отключив обнаружение утечек памяти ThreadLocal.
11-Sep-2026 23:48:49.413 WARNING [main] org.apache.catalina.loader.WebappClassLoaderBase.clearReferencesRmiTargets You need to add "--add-opens=java.rmi/sun.rmi.transport=ALL-UNNAMED" to the JVM command line arguments to enable RMI Target memory leak detection. Alternatively, you can suppress this warning by disabling RMI Target memory leak detection.
11-Sep-2026 23:48:49.415 WARNING [main] org.apache.catalina.loader.WebappClassLoaderBase.checkThreadLocalsForLeaks Вам нужно добавить "--add-opens=java.base/java.lang=ALL-UNNAMED" к аргументам командной строки JVM, чтобы включить обнаружение утечек памяти ThreadLocal. Также Вы можете  пресечь появление этого предупреждения, отключив обнаружение утечек памяти ThreadLocal.
11-Sep-2026 23:48:49.415 WARNING [main] org.apache.catalina.loader.WebappClassLoaderBase.clearReferencesRmiTargets You need to add "--add-opens=java.rmi/sun.rmi.transport=ALL-UNNAMED" to the JVM command line arguments to enable RMI Target memory leak detection. Alternatively, you can suppress this warning by disabling RMI Target memory leak detection.
11-Sep-2026 23:48:49.417 WARNING [main] org.apache.catalina.loader.WebappClassLoaderBase.checkThreadLocalsForLeaks Вам нужно добавить "--add-opens=java.base/java.lang=ALL-UNNAMED" к аргументам командной строки JVM, чтобы включить обнаружение утечек памяти ThreadLocal. Также Вы можете  пресечь появление этого предупреждения, отключив обнаружение утечек памяти ThreadLocal.
11-Sep-2026 23:48:49.417 WARNING [main] org.apache.catalina.loader.WebappClassLoaderBase.clearReferencesRmiTargets You need to add "--add-opens=java.rmi/sun.rmi.transport=ALL-UNNAMED" to the JVM command line arguments to enable RMI Target memory leak detection. Alternatively, you can suppress this warning by disabling RMI Target memory leak detection.
11-Sep-2026 23:48:49.417 INFO [main] org.apache.coyote.AbstractProtocol.stop Stopping ProtocolHandler ["http-nio-8080"]
11-Sep-2026 23:48:49.420 INFO [main] org.apache.coyote.AbstractProtocol.destroy Destroying ProtocolHandler ["http-nio-8080"]
11-Sep-2026 23:49:11.190 INFO [main] org.apache.catalina.startup.VersionLoggerListener.log Имя версии сервера:    Apache Tomcat/10.1.59
11-Sep-2026 23:49:11.191 INFO [main] org.apache.catalina.startup.VersionLoggerListener.log Сервер собран:         Aug 13 2026 16:59:10 UTC
11-Sep-2026 23:49:11.191 INFO [main] org.apache.catalina.startup.VersionLoggerListener.log Номер версии сервера:  10.1.59.0
11-Sep-2026 23:49:11.191 INFO [main] org.apache.catalina.startup.VersionLoggerListener.log OS Name:               Windows 11
11-Sep-2026 23:49:11.191 INFO [main] org.apache.catalina.startup.VersionLoggerListener.log Версия ОС:             10.0
11-Sep-2026 23:49:11.191 INFO [main] org.apache.catalina.startup.VersionLoggerListener.log Архитектура:           amd64
11-Sep-2026 23:49:11.192 INFO [main] org.apache.catalina.startup.VersionLoggerListener.log Java Home:             C:\Program Files\Java\jdk-25.0.4.1
11-Sep-2026 23:49:11.192 INFO [main] org.apache.catalina.startup.VersionLoggerListener.log Версия JVM:            25.0.4.1+1-LTS-5
11-Sep-2026 23:49:11.192 INFO [main] org.apache.catalina.startup.VersionLoggerListener.log Производитель JVM:     Oracle Corporation
11-Sep-2026 23:49:11.192 INFO [main] org.apache.catalina.startup.VersionLoggerListener.log CATALINA_BASE:         C:\Users\GRU\Desktop\32\apache-tomcat-10.1.59
11-Sep-2026 23:49:11.192 INFO [main] org.apache.catalina.startup.VersionLoggerListener.log CATALINA_HOME:         C:\Users\GRU\Desktop\32\apache-tomcat-10.1.59
11-Sep-2026 23:49:11.198 INFO [main] org.apache.catalina.startup.VersionLoggerListener.log Command line argument: -Djava.util.logging.config.file=c:\Users\GRU\Desktop\32\apache-tomcat-10.1.59/conf/logging.properties
11-Sep-2026 23:49:11.198 INFO [main] org.apache.catalina.startup.VersionLoggerListener.log Command line argument: -Djava.util.logging.manager=org.apache.juli.ClassLoaderLogManager
11-Sep-2026 23:49:11.198 INFO [main] org.apache.catalina.startup.VersionLoggerListener.log Command line argument: -Djdk.tls.ephemeralDHKeySize=2048
11-Sep-2026 23:49:11.198 INFO [main] org.apache.catalina.startup.VersionLoggerListener.log Command line argument: -Djava.protocol.handler.pkgs=org.apache.catalina.webresources
11-Sep-2026 23:49:11.198 INFO [main] org.apache.catalina.startup.VersionLoggerListener.log Command line argument: -Dorg.apache.catalina.security.SecurityListener.UMASK=0027
11-Sep-2026 23:49:11.198 INFO [main] org.apache.catalina.startup.VersionLoggerListener.log Command line argument: -Dcatalina.base=c:\Users\GRU\Desktop\32\apache-tomcat-10.1.59
11-Sep-2026 23:49:11.198 INFO [main] org.apache.catalina.startup.VersionLoggerListener.log Command line argument: -Dcatalina.home=c:\Users\GRU\Desktop\32\apache-tomcat-10.1.59
11-Sep-2026 23:49:11.198 INFO [main] org.apache.catalina.startup.VersionLoggerListener.log Command line argument: -Djava.io.tmpdir=c:\Users\GRU\Desktop\32\apache-tomcat-10.1.59/temp
11-Sep-2026 23:49:11.201 INFO [main] org.apache.catalina.core.AprLifecycleListener.lifecycleEvent The Apache Tomcat Native library which allows using OpenSSL was not found on the java.library.path: [C:\Program Files\Java\jdk-25.0.4.1\bin;C:\WINDOWS\Sun\Java\bin;C:\WINDOWS\system32;C:\WINDOWS;C:\Program Files\Common Files\Oracle\Java\javapath;C:\WINDOWS\system32;C:\WINDOWS;C:\WINDOWS\System32\Wbem;C:\WINDOWS\System32\WindowsPowerShell\v1.0\;C:\WINDOWS\System32\OpenSSH\;C:\Program Files\NVIDIA Corporation\NVIDIA App\NvDLISR;C:\Program Files (x86)\NVIDIA Corporation\PhysX\Common;C:\Program Files (x86)\Windows Kits\10\Windows Performance Toolkit\;C:\Users\GRU\AppData\Local\Microsoft\WindowsApps;C:\Users\GRU\AppData\Local\Programs\Microsoft VS Code\bin;C:\Program Files\Java\jdk-25.0.4.1\bin;C:\Users\GRU\Desktop\32\apache-maven-3.9.16\bin;C:\Users\GRU\AppData\Local\Microsoft\WindowsApps;C:\Users\GRU\AppData\Local\Programs\Microsoft VS Code\bin;.]
11-Sep-2026 23:49:11.369 INFO [main] org.apache.coyote.AbstractProtocol.init Инициализация ProtocolHandler ["http-nio-8080"]
11-Sep-2026 23:49:11.385 INFO [main] org.apache.catalina.startup.Catalina.load Server initialization in [294] milliseconds
11-Sep-2026 23:49:11.409 INFO [main] org.apache.catalina.core.StandardService.startInternal Starting service [Catalina]
11-Sep-2026 23:49:11.409 INFO [main] org.apache.catalina.core.StandardEngine.startInternal Starting Servlet engine: [Apache Tomcat/10.1.59]
11-Sep-2026 23:49:11.433 INFO [main] org.apache.catalina.startup.HostConfig.deployWAR Deploying web application archive [C:\Users\GRU\Desktop\32\apache-tomcat-10.1.59\webapps\labtwo.war]
11-Sep-2026 23:49:11.601 INFO [main] org.apache.catalina.startup.HostConfig.deployWAR Deployment of web application archive [C:\Users\GRU\Desktop\32\apache-tomcat-10.1.59\webapps\labtwo.war] has finished in [165] ms
11-Sep-2026 23:49:11.602 INFO [main] org.apache.catalina.startup.HostConfig.deployDirectory Установка веб приложения в папку [C:\Users\GRU\Desktop\32\apache-tomcat-10.1.59\webapps\docs]
11-Sep-2026 23:49:11.631 INFO [main] org.apache.catalina.startup.HostConfig.deployDirectory Deployment of web application directory [C:\Users\GRU\Desktop\32\apache-tomcat-10.1.59\webapps\docs] has finished in [29] ms
11-Sep-2026 23:49:11.631 INFO [main] org.apache.catalina.startup.HostConfig.deployDirectory Установка веб приложения в папку [C:\Users\GRU\Desktop\32\apache-tomcat-10.1.59\webapps\examples]
11-Sep-2026 23:49:11.858 INFO [main] org.apache.catalina.startup.HostConfig.deployDirectory Deployment of web application directory [C:\Users\GRU\Desktop\32\apache-tomcat-10.1.59\webapps\examples] has finished in [227] ms
11-Sep-2026 23:49:11.859 INFO [main] org.apache.catalina.startup.HostConfig.deployDirectory Установка веб приложения в папку [C:\Users\GRU\Desktop\32\apache-tomcat-10.1.59\webapps\host-manager]
11-Sep-2026 23:49:11.882 INFO [main] org.apache.catalina.startup.HostConfig.deployDirectory Deployment of web application directory [C:\Users\GRU\Desktop\32\apache-tomcat-10.1.59\webapps\host-manager] has finished in [23] ms
11-Sep-2026 23:49:11.882 INFO [main] org.apache.catalina.startup.HostConfig.deployDirectory Установка веб приложения в папку [C:\Users\GRU\Desktop\32\apache-tomcat-10.1.59\webapps\manager]
11-Sep-2026 23:49:11.904 INFO [main] org.apache.catalina.startup.HostConfig.deployDirectory Deployment of web application directory [C:\Users\GRU\Desktop\32\apache-tomcat-10.1.59\webapps\manager] has finished in [22] ms
11-Sep-2026 23:49:11.904 INFO [main] org.apache.catalina.startup.HostConfig.deployDirectory Установка веб приложения в папку [C:\Users\GRU\Desktop\32\apache-tomcat-10.1.59\webapps\ROOT]
11-Sep-2026 23:49:11.919 INFO [main] org.apache.catalina.startup.HostConfig.deployDirectory Deployment of web application directory [C:\Users\GRU\Desktop\32\apache-tomcat-10.1.59\webapps\ROOT] has finished in [15] ms
11-Sep-2026 23:49:11.922 INFO [main] org.apache.coyote.AbstractProtocol.start Starting ProtocolHandler ["http-nio-8080"]
11-Sep-2026 23:49:11.941 INFO [main] org.apache.catalina.startup.Catalina.start Server startup in [556] milliseconds
11-Sep-2026 23:49:41.937 INFO [Catalina-utility-2] org.apache.catalina.startup.HostConfig.undeploy Undeploying context [/labtwo]
11-Sep-2026 23:49:41.941 WARNING [Catalina-utility-2] org.apache.catalina.loader.WebappClassLoaderBase.checkThreadLocalsForLeaks Вам нужно добавить "--add-opens=java.base/java.lang=ALL-UNNAMED" к аргументам командной строки JVM, чтобы включить обнаружение утечек памяти ThreadLocal. Также Вы можете  пресечь появление этого предупреждения, отключив обнаружение утечек памяти ThreadLocal.
11-Sep-2026 23:49:41.941 WARNING [Catalina-utility-2] org.apache.catalina.loader.WebappClassLoaderBase.clearReferencesRmiTargets You need to add "--add-opens=java.rmi/sun.rmi.transport=ALL-UNNAMED" to the JVM command line arguments to enable RMI Target memory leak detection. Alternatively, you can suppress this warning by disabling RMI Target memory leak detection.
11-Sep-2026 23:49:41.949 INFO [Catalina-utility-2] org.apache.catalina.startup.HostConfig.deployWAR Deploying web application archive [C:\Users\GRU\Desktop\32\apache-tomcat-10.1.59\webapps\labtwo.war]
11-Sep-2026 23:49:41.973 INFO [Catalina-utility-2] org.apache.catalina.startup.HostConfig.deployWAR Deployment of web application archive [C:\Users\GRU\Desktop\32\apache-tomcat-10.1.59\webapps\labtwo.war] has finished in [24] ms
11-Sep-2026 23:50:04.178 INFO [main] org.apache.catalina.core.StandardServer.await A valid shutdown command was received via the shutdown port. Stopping the Server instance.
11-Sep-2026 23:50:04.178 INFO [main] org.apache.coyote.AbstractProtocol.pause Pausing ProtocolHandler ["http-nio-8080"]
11-Sep-2026 23:50:04.182 INFO [main] org.apache.catalina.core.StandardService.stopInternal Stopping service [Catalina]
11-Sep-2026 23:50:04.184 WARNING [main] org.apache.catalina.loader.WebappClassLoaderBase.checkThreadLocalsForLeaks Вам нужно добавить "--add-opens=java.base/java.lang=ALL-UNNAMED" к аргументам командной строки JVM, чтобы включить обнаружение утечек памяти ThreadLocal. Также Вы можете  пресечь появление этого предупреждения, отключив обнаружение утечек памяти ThreadLocal.
11-Sep-2026 23:50:04.184 WARNING [main] org.apache.catalina.loader.WebappClassLoaderBase.clearReferencesRmiTargets You need to add "--add-opens=java.rmi/sun.rmi.transport=ALL-UNNAMED" to the JVM command line arguments to enable RMI Target memory leak detection. Alternatively, you can suppress this warning by disabling RMI Target memory leak detection.
11-Sep-2026 23:50:04.185 WARNING [main] org.apache.catalina.loader.WebappClassLoaderBase.checkThreadLocalsForLeaks Вам нужно добавить "--add-opens=java.base/java.lang=ALL-UNNAMED" к аргументам командной строки JVM, чтобы включить обнаружение утечек памяти ThreadLocal. Также Вы можете  пресечь появление этого предупреждения, отключив обнаружение утечек памяти ThreadLocal.
11-Sep-2026 23:50:04.185 WARNING [main] org.apache.catalina.loader.WebappClassLoaderBase.clearReferencesRmiTargets You need to add "--add-opens=java.rmi/sun.rmi.transport=ALL-UNNAMED" to the JVM command line arguments to enable RMI Target memory leak detection. Alternatively, you can suppress this warning by disabling RMI Target memory leak detection.
11-Sep-2026 23:50:04.186 WARNING [main] org.apache.catalina.loader.WebappClassLoaderBase.checkThreadLocalsForLeaks Вам нужно добавить "--add-opens=java.base/java.lang=ALL-UNNAMED" к аргументам командной строки JVM, чтобы включить обнаружение утечек памяти ThreadLocal. Также Вы можете  пресечь появление этого предупреждения, отключив обнаружение утечек памяти ThreadLocal.
11-Sep-2026 23:50:04.186 WARNING [main] org.apache.catalina.loader.WebappClassLoaderBase.clearReferencesRmiTargets You need to add "--add-opens=java.rmi/sun.rmi.transport=ALL-UNNAMED" to the JVM command line arguments to enable RMI Target memory leak detection. Alternatively, you can suppress this warning by disabling RMI Target memory leak detection.
11-Sep-2026 23:50:04.187 WARNING [main] org.apache.catalina.loader.WebappClassLoaderBase.checkThreadLocalsForLeaks Вам нужно добавить "--add-opens=java.base/java.lang=ALL-UNNAMED" к аргументам командной строки JVM, чтобы включить обнаружение утечек памяти ThreadLocal. Также Вы можете  пресечь появление этого предупреждения, отключив обнаружение утечек памяти ThreadLocal.
11-Sep-2026 23:50:04.187 WARNING [main] org.apache.catalina.loader.WebappClassLoaderBase.clearReferencesRmiTargets You need to add "--add-opens=java.rmi/sun.rmi.transport=ALL-UNNAMED" to the JVM command line arguments to enable RMI Target memory leak detection. Alternatively, you can suppress this warning by disabling RMI Target memory leak detection.
11-Sep-2026 23:50:04.188 WARNING [main] org.apache.catalina.loader.WebappClassLoaderBase.checkThreadLocalsForLeaks Вам нужно добавить "--add-opens=java.base/java.lang=ALL-UNNAMED" к аргументам командной строки JVM, чтобы включить обнаружение утечек памяти ThreadLocal. Также Вы можете  пресечь появление этого предупреждения, отключив обнаружение утечек памяти ThreadLocal.
11-Sep-2026 23:50:04.188 WARNING [main] org.apache.catalina.loader.WebappClassLoaderBase.clearReferencesRmiTargets You need to add "--add-opens=java.rmi/sun.rmi.transport=ALL-UNNAMED" to the JVM command line arguments to enable RMI Target memory leak detection. Alternatively, you can suppress this warning by disabling RMI Target memory leak detection.
11-Sep-2026 23:50:04.191 WARNING [main] org.apache.catalina.loader.WebappClassLoaderBase.checkThreadLocalsForLeaks Вам нужно добавить "--add-opens=java.base/java.lang=ALL-UNNAMED" к аргументам командной строки JVM, чтобы включить обнаружение утечек памяти ThreadLocal. Также Вы можете  пресечь появление этого предупреждения, отключив обнаружение утечек памяти ThreadLocal.
11-Sep-2026 23:50:04.191 WARNING [main] org.apache.catalina.loader.WebappClassLoaderBase.clearReferencesRmiTargets You need to add "--add-opens=java.rmi/sun.rmi.transport=ALL-UNNAMED" to the JVM command line arguments to enable RMI Target memory leak detection. Alternatively, you can suppress this warning by disabling RMI Target memory leak detection.
11-Sep-2026 23:50:04.191 INFO [main] org.apache.coyote.AbstractProtocol.stop Stopping ProtocolHandler ["http-nio-8080"]
11-Sep-2026 23:50:04.202 INFO [main] org.apache.coyote.AbstractProtocol.destroy Destroying ProtocolHandler ["http-nio-8080"]
