18-Sep-2026 21:17:23.721 INFO [main] org.apache.catalina.startup.VersionLoggerListener.log Имя версии сервера:    Apache Tomcat/10.1.59
18-Sep-2026 21:17:23.723 INFO [main] org.apache.catalina.startup.VersionLoggerListener.log Сервер собран:         Aug 13 2026 16:59:10 UTC
18-Sep-2026 21:17:23.723 INFO [main] org.apache.catalina.startup.VersionLoggerListener.log Номер версии сервера:  10.1.59.0
18-Sep-2026 21:17:23.723 INFO [main] org.apache.catalina.startup.VersionLoggerListener.log OS Name:               Windows 11
18-Sep-2026 21:17:23.723 INFO [main] org.apache.catalina.startup.VersionLoggerListener.log Версия ОС:             10.0
18-Sep-2026 21:17:23.723 INFO [main] org.apache.catalina.startup.VersionLoggerListener.log Архитектура:           amd64
18-Sep-2026 21:17:23.723 INFO [main] org.apache.catalina.startup.VersionLoggerListener.log Java Home:             C:\Program Files\Java\jdk-25.0.4.1
18-Sep-2026 21:17:23.723 INFO [main] org.apache.catalina.startup.VersionLoggerListener.log Версия JVM:            25.0.4.1+1-LTS-5
18-Sep-2026 21:17:23.723 INFO [main] org.apache.catalina.startup.VersionLoggerListener.log Производитель JVM:     Oracle Corporation
18-Sep-2026 21:17:23.723 INFO [main] org.apache.catalina.startup.VersionLoggerListener.log CATALINA_BASE:         C:\Users\GRU\Desktop\32\apache-tomcat-10.1.59
18-Sep-2026 21:17:23.723 INFO [main] org.apache.catalina.startup.VersionLoggerListener.log CATALINA_HOME:         C:\Users\GRU\Desktop\32\apache-tomcat-10.1.59
18-Sep-2026 21:17:23.734 INFO [main] org.apache.catalina.startup.VersionLoggerListener.log Command line argument: -Djava.util.logging.config.file=c:\Users\GRU\Desktop\32\apache-tomcat-10.1.59/conf/logging.properties
18-Sep-2026 21:17:23.734 INFO [main] org.apache.catalina.startup.VersionLoggerListener.log Command line argument: -Djava.util.logging.manager=org.apache.juli.ClassLoaderLogManager
18-Sep-2026 21:17:23.734 INFO [main] org.apache.catalina.startup.VersionLoggerListener.log Command line argument: -Djdk.tls.ephemeralDHKeySize=2048
18-Sep-2026 21:17:23.734 INFO [main] org.apache.catalina.startup.VersionLoggerListener.log Command line argument: -Djava.protocol.handler.pkgs=org.apache.catalina.webresources
18-Sep-2026 21:17:23.735 INFO [main] org.apache.catalina.startup.VersionLoggerListener.log Command line argument: -Dorg.apache.catalina.security.SecurityListener.UMASK=0027
18-Sep-2026 21:17:23.735 INFO [main] org.apache.catalina.startup.VersionLoggerListener.log Command line argument: -Dcatalina.base=c:\Users\GRU\Desktop\32\apache-tomcat-10.1.59
18-Sep-2026 21:17:23.735 INFO [main] org.apache.catalina.startup.VersionLoggerListener.log Command line argument: -Dcatalina.home=c:\Users\GRU\Desktop\32\apache-tomcat-10.1.59
18-Sep-2026 21:17:23.735 INFO [main] org.apache.catalina.startup.VersionLoggerListener.log Command line argument: -Djava.io.tmpdir=c:\Users\GRU\Desktop\32\apache-tomcat-10.1.59/temp
18-Sep-2026 21:17:23.738 INFO [main] org.apache.catalina.core.AprLifecycleListener.lifecycleEvent The Apache Tomcat Native library which allows using OpenSSL was not found on the java.library.path: [C:\Program Files\Java\jdk-25.0.4.1\bin;C:\WINDOWS\Sun\Java\bin;C:\WINDOWS\system32;C:\WINDOWS;C:\Program Files\Common Files\Oracle\Java\javapath;C:\WINDOWS\system32;C:\WINDOWS;C:\WINDOWS\System32\Wbem;C:\WINDOWS\System32\WindowsPowerShell\v1.0\;C:\WINDOWS\System32\OpenSSH\;C:\Program Files\NVIDIA Corporation\NVIDIA App\NvDLISR;C:\Program Files (x86)\NVIDIA Corporation\PhysX\Common;C:\Program Files (x86)\Windows Kits\10\Windows Performance Toolkit\;C:\Users\GRU\AppData\Local\Microsoft\WindowsApps;C:\Users\GRU\AppData\Local\Programs\Microsoft VS Code\bin;C:\Program Files\Java\jdk-25.0.4.1\bin;C:\Users\GRU\Desktop\32\apache-maven-3.9.16\bin;C:\Users\GRU\AppData\Local\Microsoft\WindowsApps;C:\Users\GRU\AppData\Local\Programs\Microsoft VS Code\bin;.]
18-Sep-2026 21:17:23.921 INFO [main] org.apache.coyote.AbstractProtocol.init Инициализация ProtocolHandler ["http-nio-8080"]
18-Sep-2026 21:17:23.940 INFO [main] org.apache.catalina.startup.Catalina.load Server initialization in [339] milliseconds
18-Sep-2026 21:17:23.971 INFO [main] org.apache.catalina.core.StandardService.startInternal Starting service [Catalina]
18-Sep-2026 21:17:23.971 INFO [main] org.apache.catalina.core.StandardEngine.startInternal Starting Servlet engine: [Apache Tomcat/10.1.59]
18-Sep-2026 21:17:23.986 INFO [main] org.apache.catalina.startup.HostConfig.deployWAR Deploying web application archive [C:\Users\GRU\Desktop\32\apache-tomcat-10.1.59\webapps\labtwo.war]
18-Sep-2026 21:17:24.174 INFO [main] org.apache.catalina.startup.HostConfig.deployWAR Deployment of web application archive [C:\Users\GRU\Desktop\32\apache-tomcat-10.1.59\webapps\labtwo.war] has finished in [184] ms
18-Sep-2026 21:17:24.175 INFO [main] org.apache.catalina.startup.HostConfig.deployDirectory Установка веб приложения в папку [C:\Users\GRU\Desktop\32\apache-tomcat-10.1.59\webapps\docs]
18-Sep-2026 21:17:24.216 INFO [main] org.apache.catalina.startup.HostConfig.deployDirectory Deployment of web application directory [C:\Users\GRU\Desktop\32\apache-tomcat-10.1.59\webapps\docs] has finished in [41] ms
18-Sep-2026 21:17:24.216 INFO [main] org.apache.catalina.startup.HostConfig.deployDirectory Установка веб приложения в папку [C:\Users\GRU\Desktop\32\apache-tomcat-10.1.59\webapps\examples]
18-Sep-2026 21:17:24.499 INFO [main] org.apache.catalina.startup.HostConfig.deployDirectory Deployment of web application directory [C:\Users\GRU\Desktop\32\apache-tomcat-10.1.59\webapps\examples] has finished in [282] ms
18-Sep-2026 21:17:24.499 INFO [main] org.apache.catalina.startup.HostConfig.deployDirectory Установка веб приложения в папку [C:\Users\GRU\Desktop\32\apache-tomcat-10.1.59\webapps\host-manager]
18-Sep-2026 21:17:24.529 INFO [main] org.apache.catalina.startup.HostConfig.deployDirectory Deployment of web application directory [C:\Users\GRU\Desktop\32\apache-tomcat-10.1.59\webapps\host-manager] has finished in [30] ms
18-Sep-2026 21:17:24.529 INFO [main] org.apache.catalina.startup.HostConfig.deployDirectory Установка веб приложения в папку [C:\Users\GRU\Desktop\32\apache-tomcat-10.1.59\webapps\manager]
18-Sep-2026 21:17:24.562 INFO [main] org.apache.catalina.startup.HostConfig.deployDirectory Deployment of web application directory [C:\Users\GRU\Desktop\32\apache-tomcat-10.1.59\webapps\manager] has finished in [33] ms
18-Sep-2026 21:17:24.562 INFO [main] org.apache.catalina.startup.HostConfig.deployDirectory Установка веб приложения в папку [C:\Users\GRU\Desktop\32\apache-tomcat-10.1.59\webapps\ROOT]
18-Sep-2026 21:17:24.581 INFO [main] org.apache.catalina.startup.HostConfig.deployDirectory Deployment of web application directory [C:\Users\GRU\Desktop\32\apache-tomcat-10.1.59\webapps\ROOT] has finished in [19] ms
18-Sep-2026 21:17:24.583 INFO [main] org.apache.coyote.AbstractProtocol.start Starting ProtocolHandler ["http-nio-8080"]
18-Sep-2026 21:17:24.603 INFO [main] org.apache.catalina.startup.Catalina.start Server startup in [661] milliseconds
18-Sep-2026 21:17:43.446 INFO [main] org.apache.catalina.core.StandardServer.await A valid shutdown command was received via the shutdown port. Stopping the Server instance.
18-Sep-2026 21:17:43.447 INFO [main] org.apache.coyote.AbstractProtocol.pause Pausing ProtocolHandler ["http-nio-8080"]
18-Sep-2026 21:17:43.451 INFO [main] org.apache.catalina.core.StandardService.stopInternal Stopping service [Catalina]
18-Sep-2026 21:17:43.454 WARNING [main] org.apache.catalina.loader.WebappClassLoaderBase.checkThreadLocalsForLeaks Вам нужно добавить "--add-opens=java.base/java.lang=ALL-UNNAMED" к аргументам командной строки JVM, чтобы включить обнаружение утечек памяти ThreadLocal. Также Вы можете  пресечь появление этого предупреждения, отключив обнаружение утечек памяти ThreadLocal.
18-Sep-2026 21:17:43.455 WARNING [main] org.apache.catalina.loader.WebappClassLoaderBase.clearReferencesRmiTargets You need to add "--add-opens=java.rmi/sun.rmi.transport=ALL-UNNAMED" to the JVM command line arguments to enable RMI Target memory leak detection. Alternatively, you can suppress this warning by disabling RMI Target memory leak detection.
18-Sep-2026 21:17:43.458 WARNING [main] org.apache.catalina.loader.WebappClassLoaderBase.checkThreadLocalsForLeaks Вам нужно добавить "--add-opens=java.base/java.lang=ALL-UNNAMED" к аргументам командной строки JVM, чтобы включить обнаружение утечек памяти ThreadLocal. Также Вы можете  пресечь появление этого предупреждения, отключив обнаружение утечек памяти ThreadLocal.
18-Sep-2026 21:17:43.458 WARNING [main] org.apache.catalina.loader.WebappClassLoaderBase.clearReferencesRmiTargets You need to add "--add-opens=java.rmi/sun.rmi.transport=ALL-UNNAMED" to the JVM command line arguments to enable RMI Target memory leak detection. Alternatively, you can suppress this warning by disabling RMI Target memory leak detection.
18-Sep-2026 21:17:43.459 WARNING [main] org.apache.catalina.loader.WebappClassLoaderBase.checkThreadLocalsForLeaks Вам нужно добавить "--add-opens=java.base/java.lang=ALL-UNNAMED" к аргументам командной строки JVM, чтобы включить обнаружение утечек памяти ThreadLocal. Также Вы можете  пресечь появление этого предупреждения, отключив обнаружение утечек памяти ThreadLocal.
18-Sep-2026 21:17:43.459 WARNING [main] org.apache.catalina.loader.WebappClassLoaderBase.clearReferencesRmiTargets You need to add "--add-opens=java.rmi/sun.rmi.transport=ALL-UNNAMED" to the JVM command line arguments to enable RMI Target memory leak detection. Alternatively, you can suppress this warning by disabling RMI Target memory leak detection.
18-Sep-2026 21:17:43.461 WARNING [main] org.apache.catalina.loader.WebappClassLoaderBase.checkThreadLocalsForLeaks Вам нужно добавить "--add-opens=java.base/java.lang=ALL-UNNAMED" к аргументам командной строки JVM, чтобы включить обнаружение утечек памяти ThreadLocal. Также Вы можете  пресечь появление этого предупреждения, отключив обнаружение утечек памяти ThreadLocal.
18-Sep-2026 21:17:43.461 WARNING [main] org.apache.catalina.loader.WebappClassLoaderBase.clearReferencesRmiTargets You need to add "--add-opens=java.rmi/sun.rmi.transport=ALL-UNNAMED" to the JVM command line arguments to enable RMI Target memory leak detection. Alternatively, you can suppress this warning by disabling RMI Target memory leak detection.
18-Sep-2026 21:17:43.463 WARNING [main] org.apache.catalina.loader.WebappClassLoaderBase.checkThreadLocalsForLeaks Вам нужно добавить "--add-opens=java.base/java.lang=ALL-UNNAMED" к аргументам командной строки JVM, чтобы включить обнаружение утечек памяти ThreadLocal. Также Вы можете  пресечь появление этого предупреждения, отключив обнаружение утечек памяти ThreadLocal.
18-Sep-2026 21:17:43.463 WARNING [main] org.apache.catalina.loader.WebappClassLoaderBase.clearReferencesRmiTargets You need to add "--add-opens=java.rmi/sun.rmi.transport=ALL-UNNAMED" to the JVM command line arguments to enable RMI Target memory leak detection. Alternatively, you can suppress this warning by disabling RMI Target memory leak detection.
18-Sep-2026 21:17:43.464 WARNING [main] org.apache.catalina.loader.WebappClassLoaderBase.checkThreadLocalsForLeaks Вам нужно добавить "--add-opens=java.base/java.lang=ALL-UNNAMED" к аргументам командной строки JVM, чтобы включить обнаружение утечек памяти ThreadLocal. Также Вы можете  пресечь появление этого предупреждения, отключив обнаружение утечек памяти ThreadLocal.
18-Sep-2026 21:17:43.464 WARNING [main] org.apache.catalina.loader.WebappClassLoaderBase.clearReferencesRmiTargets You need to add "--add-opens=java.rmi/sun.rmi.transport=ALL-UNNAMED" to the JVM command line arguments to enable RMI Target memory leak detection. Alternatively, you can suppress this warning by disabling RMI Target memory leak detection.
18-Sep-2026 21:17:43.464 INFO [main] org.apache.coyote.AbstractProtocol.stop Stopping ProtocolHandler ["http-nio-8080"]
18-Sep-2026 21:17:43.471 INFO [main] org.apache.coyote.AbstractProtocol.destroy Destroying ProtocolHandler ["http-nio-8080"]
18-Sep-2026 21:19:57.056 INFO [main] org.apache.catalina.startup.VersionLoggerListener.log Имя версии сервера:    Apache Tomcat/10.1.59
18-Sep-2026 21:19:57.058 INFO [main] org.apache.catalina.startup.VersionLoggerListener.log Сервер собран:         Aug 13 2026 16:59:10 UTC
18-Sep-2026 21:19:57.058 INFO [main] org.apache.catalina.startup.VersionLoggerListener.log Номер версии сервера:  10.1.59.0
18-Sep-2026 21:19:57.058 INFO [main] org.apache.catalina.startup.VersionLoggerListener.log OS Name:               Windows 11
18-Sep-2026 21:19:57.058 INFO [main] org.apache.catalina.startup.VersionLoggerListener.log Версия ОС:             10.0
18-Sep-2026 21:19:57.058 INFO [main] org.apache.catalina.startup.VersionLoggerListener.log Архитектура:           amd64
18-Sep-2026 21:19:57.058 INFO [main] org.apache.catalina.startup.VersionLoggerListener.log Java Home:             C:\Program Files\Java\jdk-25.0.4.1
18-Sep-2026 21:19:57.058 INFO [main] org.apache.catalina.startup.VersionLoggerListener.log Версия JVM:            25.0.4.1+1-LTS-5
18-Sep-2026 21:19:57.058 INFO [main] org.apache.catalina.startup.VersionLoggerListener.log Производитель JVM:     Oracle Corporation
18-Sep-2026 21:19:57.058 INFO [main] org.apache.catalina.startup.VersionLoggerListener.log CATALINA_BASE:         C:\Users\GRU\Desktop\32\apache-tomcat-10.1.59
18-Sep-2026 21:19:57.058 INFO [main] org.apache.catalina.startup.VersionLoggerListener.log CATALINA_HOME:         C:\Users\GRU\Desktop\32\apache-tomcat-10.1.59
18-Sep-2026 21:19:57.065 INFO [main] org.apache.catalina.startup.VersionLoggerListener.log Command line argument: -Djava.util.logging.config.file=c:\Users\GRU\Desktop\32\apache-tomcat-10.1.59/conf/logging.properties
18-Sep-2026 21:19:57.066 INFO [main] org.apache.catalina.startup.VersionLoggerListener.log Command line argument: -Djava.util.logging.manager=org.apache.juli.ClassLoaderLogManager
18-Sep-2026 21:19:57.066 INFO [main] org.apache.catalina.startup.VersionLoggerListener.log Command line argument: -Djdk.tls.ephemeralDHKeySize=2048
18-Sep-2026 21:19:57.066 INFO [main] org.apache.catalina.startup.VersionLoggerListener.log Command line argument: -Djava.protocol.handler.pkgs=org.apache.catalina.webresources
18-Sep-2026 21:19:57.066 INFO [main] org.apache.catalina.startup.VersionLoggerListener.log Command line argument: -Dorg.apache.catalina.security.SecurityListener.UMASK=0027
18-Sep-2026 21:19:57.066 INFO [main] org.apache.catalina.startup.VersionLoggerListener.log Command line argument: -Dcatalina.base=c:\Users\GRU\Desktop\32\apache-tomcat-10.1.59
18-Sep-2026 21:19:57.066 INFO [main] org.apache.catalina.startup.VersionLoggerListener.log Command line argument: -Dcatalina.home=c:\Users\GRU\Desktop\32\apache-tomcat-10.1.59
18-Sep-2026 21:19:57.066 INFO [main] org.apache.catalina.startup.VersionLoggerListener.log Command line argument: -Djava.io.tmpdir=c:\Users\GRU\Desktop\32\apache-tomcat-10.1.59/temp
18-Sep-2026 21:19:57.071 INFO [main] org.apache.catalina.core.AprLifecycleListener.lifecycleEvent The Apache Tomcat Native library which allows using OpenSSL was not found on the java.library.path: [C:\Program Files\Java\jdk-25.0.4.1\bin;C:\WINDOWS\Sun\Java\bin;C:\WINDOWS\system32;C:\WINDOWS;C:\Program Files\Common Files\Oracle\Java\javapath;C:\WINDOWS\system32;C:\WINDOWS;C:\WINDOWS\System32\Wbem;C:\WINDOWS\System32\WindowsPowerShell\v1.0\;C:\WINDOWS\System32\OpenSSH\;C:\Program Files\NVIDIA Corporation\NVIDIA App\NvDLISR;C:\Program Files (x86)\NVIDIA Corporation\PhysX\Common;C:\Program Files (x86)\Windows Kits\10\Windows Performance Toolkit\;C:\Users\GRU\AppData\Local\Microsoft\WindowsApps;C:\Users\GRU\AppData\Local\Programs\Microsoft VS Code\bin;C:\Program Files\Java\jdk-25.0.4.1\bin;C:\Users\GRU\Desktop\32\apache-maven-3.9.16\bin;C:\Users\GRU\AppData\Local\Microsoft\WindowsApps;C:\Users\GRU\AppData\Local\Programs\Microsoft VS Code\bin;.]
18-Sep-2026 21:19:57.225 INFO [main] org.apache.coyote.AbstractProtocol.init Инициализация ProtocolHandler ["http-nio-8080"]
18-Sep-2026 21:19:57.242 INFO [main] org.apache.catalina.startup.Catalina.load Server initialization in [293] milliseconds
18-Sep-2026 21:19:57.267 INFO [main] org.apache.catalina.core.StandardService.startInternal Starting service [Catalina]
18-Sep-2026 21:19:57.267 INFO [main] org.apache.catalina.core.StandardEngine.startInternal Starting Servlet engine: [Apache Tomcat/10.1.59]
18-Sep-2026 21:19:57.284 INFO [main] org.apache.catalina.startup.HostConfig.deployWAR Deploying web application archive [C:\Users\GRU\Desktop\32\apache-tomcat-10.1.59\webapps\labtwo.war]
18-Sep-2026 21:19:57.467 INFO [main] org.apache.catalina.startup.HostConfig.deployWAR Deployment of web application archive [C:\Users\GRU\Desktop\32\apache-tomcat-10.1.59\webapps\labtwo.war] has finished in [180] ms
18-Sep-2026 21:19:57.468 INFO [main] org.apache.catalina.startup.HostConfig.deployDirectory Установка веб приложения в папку [C:\Users\GRU\Desktop\32\apache-tomcat-10.1.59\webapps\docs]
18-Sep-2026 21:19:57.497 INFO [main] org.apache.catalina.startup.HostConfig.deployDirectory Deployment of web application directory [C:\Users\GRU\Desktop\32\apache-tomcat-10.1.59\webapps\docs] has finished in [28] ms
18-Sep-2026 21:19:57.497 INFO [main] org.apache.catalina.startup.HostConfig.deployDirectory Установка веб приложения в папку [C:\Users\GRU\Desktop\32\apache-tomcat-10.1.59\webapps\examples]
18-Sep-2026 21:19:57.772 INFO [main] org.apache.catalina.startup.HostConfig.deployDirectory Deployment of web application directory [C:\Users\GRU\Desktop\32\apache-tomcat-10.1.59\webapps\examples] has finished in [275] ms
18-Sep-2026 21:19:57.772 INFO [main] org.apache.catalina.startup.HostConfig.deployDirectory Установка веб приложения в папку [C:\Users\GRU\Desktop\32\apache-tomcat-10.1.59\webapps\host-manager]
18-Sep-2026 21:19:57.796 INFO [main] org.apache.catalina.startup.HostConfig.deployDirectory Deployment of web application directory [C:\Users\GRU\Desktop\32\apache-tomcat-10.1.59\webapps\host-manager] has finished in [22] ms
18-Sep-2026 21:19:57.796 INFO [main] org.apache.catalina.startup.HostConfig.deployDirectory Установка веб приложения в папку [C:\Users\GRU\Desktop\32\apache-tomcat-10.1.59\webapps\manager]
18-Sep-2026 21:19:57.821 INFO [main] org.apache.catalina.startup.HostConfig.deployDirectory Deployment of web application directory [C:\Users\GRU\Desktop\32\apache-tomcat-10.1.59\webapps\manager] has finished in [24] ms
18-Sep-2026 21:19:57.821 INFO [main] org.apache.catalina.startup.HostConfig.deployDirectory Установка веб приложения в папку [C:\Users\GRU\Desktop\32\apache-tomcat-10.1.59\webapps\ROOT]
18-Sep-2026 21:19:57.839 INFO [main] org.apache.catalina.startup.HostConfig.deployDirectory Deployment of web application directory [C:\Users\GRU\Desktop\32\apache-tomcat-10.1.59\webapps\ROOT] has finished in [18] ms
18-Sep-2026 21:19:57.842 INFO [main] org.apache.coyote.AbstractProtocol.start Starting ProtocolHandler ["http-nio-8080"]
18-Sep-2026 21:19:57.858 INFO [main] org.apache.catalina.startup.Catalina.start Server startup in [614] milliseconds
18-Sep-2026 21:20:48.318 INFO [main] org.apache.catalina.core.StandardServer.await A valid shutdown command was received via the shutdown port. Stopping the Server instance.
18-Sep-2026 21:20:48.319 INFO [main] org.apache.coyote.AbstractProtocol.pause Pausing ProtocolHandler ["http-nio-8080"]
18-Sep-2026 21:20:48.324 INFO [main] org.apache.catalina.core.StandardService.stopInternal Stopping service [Catalina]
18-Sep-2026 21:20:48.329 WARNING [main] org.apache.catalina.loader.WebappClassLoaderBase.checkThreadLocalsForLeaks Вам нужно добавить "--add-opens=java.base/java.lang=ALL-UNNAMED" к аргументам командной строки JVM, чтобы включить обнаружение утечек памяти ThreadLocal. Также Вы можете  пресечь появление этого предупреждения, отключив обнаружение утечек памяти ThreadLocal.
18-Sep-2026 21:20:48.330 WARNING [main] org.apache.catalina.loader.WebappClassLoaderBase.clearReferencesRmiTargets You need to add "--add-opens=java.rmi/sun.rmi.transport=ALL-UNNAMED" to the JVM command line arguments to enable RMI Target memory leak detection. Alternatively, you can suppress this warning by disabling RMI Target memory leak detection.
18-Sep-2026 21:20:48.333 WARNING [main] org.apache.catalina.loader.WebappClassLoaderBase.checkThreadLocalsForLeaks Вам нужно добавить "--add-opens=java.base/java.lang=ALL-UNNAMED" к аргументам командной строки JVM, чтобы включить обнаружение утечек памяти ThreadLocal. Также Вы можете  пресечь появление этого предупреждения, отключив обнаружение утечек памяти ThreadLocal.
18-Sep-2026 21:20:48.333 WARNING [main] org.apache.catalina.loader.WebappClassLoaderBase.clearReferencesRmiTargets You need to add "--add-opens=java.rmi/sun.rmi.transport=ALL-UNNAMED" to the JVM command line arguments to enable RMI Target memory leak detection. Alternatively, you can suppress this warning by disabling RMI Target memory leak detection.
18-Sep-2026 21:20:48.335 WARNING [main] org.apache.catalina.loader.WebappClassLoaderBase.checkThreadLocalsForLeaks Вам нужно добавить "--add-opens=java.base/java.lang=ALL-UNNAMED" к аргументам командной строки JVM, чтобы включить обнаружение утечек памяти ThreadLocal. Также Вы можете  пресечь появление этого предупреждения, отключив обнаружение утечек памяти ThreadLocal.
18-Sep-2026 21:20:48.336 WARNING [main] org.apache.catalina.loader.WebappClassLoaderBase.clearReferencesRmiTargets You need to add "--add-opens=java.rmi/sun.rmi.transport=ALL-UNNAMED" to the JVM command line arguments to enable RMI Target memory leak detection. Alternatively, you can suppress this warning by disabling RMI Target memory leak detection.
18-Sep-2026 21:20:48.338 WARNING [main] org.apache.catalina.loader.WebappClassLoaderBase.checkThreadLocalsForLeaks Вам нужно добавить "--add-opens=java.base/java.lang=ALL-UNNAMED" к аргументам командной строки JVM, чтобы включить обнаружение утечек памяти ThreadLocal. Также Вы можете  пресечь появление этого предупреждения, отключив обнаружение утечек памяти ThreadLocal.
18-Sep-2026 21:20:48.338 WARNING [main] org.apache.catalina.loader.WebappClassLoaderBase.clearReferencesRmiTargets You need to add "--add-opens=java.rmi/sun.rmi.transport=ALL-UNNAMED" to the JVM command line arguments to enable RMI Target memory leak detection. Alternatively, you can suppress this warning by disabling RMI Target memory leak detection.
18-Sep-2026 21:20:48.340 WARNING [main] org.apache.catalina.loader.WebappClassLoaderBase.checkThreadLocalsForLeaks Вам нужно добавить "--add-opens=java.base/java.lang=ALL-UNNAMED" к аргументам командной строки JVM, чтобы включить обнаружение утечек памяти ThreadLocal. Также Вы можете  пресечь появление этого предупреждения, отключив обнаружение утечек памяти ThreadLocal.
18-Sep-2026 21:20:48.340 WARNING [main] org.apache.catalina.loader.WebappClassLoaderBase.clearReferencesRmiTargets You need to add "--add-opens=java.rmi/sun.rmi.transport=ALL-UNNAMED" to the JVM command line arguments to enable RMI Target memory leak detection. Alternatively, you can suppress this warning by disabling RMI Target memory leak detection.
18-Sep-2026 21:20:48.342 WARNING [main] org.apache.catalina.loader.WebappClassLoaderBase.checkThreadLocalsForLeaks Вам нужно добавить "--add-opens=java.base/java.lang=ALL-UNNAMED" к аргументам командной строки JVM, чтобы включить обнаружение утечек памяти ThreadLocal. Также Вы можете  пресечь появление этого предупреждения, отключив обнаружение утечек памяти ThreadLocal.
18-Sep-2026 21:20:48.343 WARNING [main] org.apache.catalina.loader.WebappClassLoaderBase.clearReferencesRmiTargets You need to add "--add-opens=java.rmi/sun.rmi.transport=ALL-UNNAMED" to the JVM command line arguments to enable RMI Target memory leak detection. Alternatively, you can suppress this warning by disabling RMI Target memory leak detection.
18-Sep-2026 21:20:48.343 INFO [main] org.apache.coyote.AbstractProtocol.stop Stopping ProtocolHandler ["http-nio-8080"]
18-Sep-2026 21:20:48.352 INFO [main] org.apache.coyote.AbstractProtocol.destroy Destroying ProtocolHandler ["http-nio-8080"]
18-Sep-2026 21:32:23.774 INFO [main] org.apache.catalina.startup.VersionLoggerListener.log Имя версии сервера:    Apache Tomcat/10.1.59
18-Sep-2026 21:32:23.776 INFO [main] org.apache.catalina.startup.VersionLoggerListener.log Сервер собран:         Aug 13 2026 16:59:10 UTC
18-Sep-2026 21:32:23.776 INFO [main] org.apache.catalina.startup.VersionLoggerListener.log Номер версии сервера:  10.1.59.0
18-Sep-2026 21:32:23.776 INFO [main] org.apache.catalina.startup.VersionLoggerListener.log OS Name:               Windows 11
18-Sep-2026 21:32:23.776 INFO [main] org.apache.catalina.startup.VersionLoggerListener.log Версия ОС:             10.0
18-Sep-2026 21:32:23.776 INFO [main] org.apache.catalina.startup.VersionLoggerListener.log Архитектура:           amd64
18-Sep-2026 21:32:23.776 INFO [main] org.apache.catalina.startup.VersionLoggerListener.log Java Home:             C:\Program Files\Java\jdk-25.0.4.1
18-Sep-2026 21:32:23.776 INFO [main] org.apache.catalina.startup.VersionLoggerListener.log Версия JVM:            25.0.4.1+1-LTS-5
18-Sep-2026 21:32:23.776 INFO [main] org.apache.catalina.startup.VersionLoggerListener.log Производитель JVM:     Oracle Corporation
18-Sep-2026 21:32:23.776 INFO [main] org.apache.catalina.startup.VersionLoggerListener.log CATALINA_BASE:         C:\Users\GRU\Desktop\32\apache-tomcat-10.1.59
18-Sep-2026 21:32:23.776 INFO [main] org.apache.catalina.startup.VersionLoggerListener.log CATALINA_HOME:         C:\Users\GRU\Desktop\32\apache-tomcat-10.1.59
18-Sep-2026 21:32:23.783 INFO [main] org.apache.catalina.startup.VersionLoggerListener.log Command line argument: -Djava.util.logging.config.file=c:\Users\GRU\Desktop\32\apache-tomcat-10.1.59/conf/logging.properties
18-Sep-2026 21:32:23.783 INFO [main] org.apache.catalina.startup.VersionLoggerListener.log Command line argument: -Djava.util.logging.manager=org.apache.juli.ClassLoaderLogManager
18-Sep-2026 21:32:23.783 INFO [main] org.apache.catalina.startup.VersionLoggerListener.log Command line argument: -Djdk.tls.ephemeralDHKeySize=2048
18-Sep-2026 21:32:23.783 INFO [main] org.apache.catalina.startup.VersionLoggerListener.log Command line argument: -Djava.protocol.handler.pkgs=org.apache.catalina.webresources
18-Sep-2026 21:32:23.783 INFO [main] org.apache.catalina.startup.VersionLoggerListener.log Command line argument: -Dorg.apache.catalina.security.SecurityListener.UMASK=0027
18-Sep-2026 21:32:23.783 INFO [main] org.apache.catalina.startup.VersionLoggerListener.log Command line argument: -Dcatalina.base=c:\Users\GRU\Desktop\32\apache-tomcat-10.1.59
18-Sep-2026 21:32:23.783 INFO [main] org.apache.catalina.startup.VersionLoggerListener.log Command line argument: -Dcatalina.home=c:\Users\GRU\Desktop\32\apache-tomcat-10.1.59
18-Sep-2026 21:32:23.783 INFO [main] org.apache.catalina.startup.VersionLoggerListener.log Command line argument: -Djava.io.tmpdir=c:\Users\GRU\Desktop\32\apache-tomcat-10.1.59/temp
18-Sep-2026 21:32:23.786 INFO [main] org.apache.catalina.core.AprLifecycleListener.lifecycleEvent The Apache Tomcat Native library which allows using OpenSSL was not found on the java.library.path: [C:\Program Files\Java\jdk-25.0.4.1\bin;C:\WINDOWS\Sun\Java\bin;C:\WINDOWS\system32;C:\WINDOWS;C:\Program Files\Common Files\Oracle\Java\javapath;C:\WINDOWS\system32;C:\WINDOWS;C:\WINDOWS\System32\Wbem;C:\WINDOWS\System32\WindowsPowerShell\v1.0\;C:\WINDOWS\System32\OpenSSH\;C:\Program Files\NVIDIA Corporation\NVIDIA App\NvDLISR;C:\Program Files (x86)\NVIDIA Corporation\PhysX\Common;C:\Program Files (x86)\Windows Kits\10\Windows Performance Toolkit\;C:\Users\GRU\AppData\Local\Microsoft\WindowsApps;C:\Users\GRU\AppData\Local\Programs\Microsoft VS Code\bin;C:\Program Files\Java\jdk-25.0.4.1\bin;C:\Users\GRU\Desktop\32\apache-maven-3.9.16\bin;C:\Users\GRU\AppData\Local\Microsoft\WindowsApps;C:\Users\GRU\AppData\Local\Programs\Microsoft VS Code\bin;.]
18-Sep-2026 21:32:23.936 INFO [main] org.apache.coyote.AbstractProtocol.init Инициализация ProtocolHandler ["http-nio-8080"]
18-Sep-2026 21:32:23.950 INFO [main] org.apache.catalina.startup.Catalina.load Server initialization in [289] milliseconds
18-Sep-2026 21:32:23.976 INFO [main] org.apache.catalina.core.StandardService.startInternal Starting service [Catalina]
18-Sep-2026 21:32:23.976 INFO [main] org.apache.catalina.core.StandardEngine.startInternal Starting Servlet engine: [Apache Tomcat/10.1.59]
18-Sep-2026 21:32:23.994 INFO [main] org.apache.catalina.startup.HostConfig.deployWAR Deploying web application archive [C:\Users\GRU\Desktop\32\apache-tomcat-10.1.59\webapps\labtwo.war]
18-Sep-2026 21:32:24.154 INFO [main] org.apache.catalina.startup.HostConfig.deployWAR Deployment of web application archive [C:\Users\GRU\Desktop\32\apache-tomcat-10.1.59\webapps\labtwo.war] has finished in [160] ms
18-Sep-2026 21:32:24.156 INFO [main] org.apache.catalina.startup.HostConfig.deployDirectory Установка веб приложения в папку [C:\Users\GRU\Desktop\32\apache-tomcat-10.1.59\webapps\docs]
18-Sep-2026 21:32:24.182 INFO [main] org.apache.catalina.startup.HostConfig.deployDirectory Deployment of web application directory [C:\Users\GRU\Desktop\32\apache-tomcat-10.1.59\webapps\docs] has finished in [26] ms
18-Sep-2026 21:32:24.183 INFO [main] org.apache.catalina.startup.HostConfig.deployDirectory Установка веб приложения в папку [C:\Users\GRU\Desktop\32\apache-tomcat-10.1.59\webapps\examples]
18-Sep-2026 21:32:24.434 INFO [main] org.apache.catalina.startup.HostConfig.deployDirectory Deployment of web application directory [C:\Users\GRU\Desktop\32\apache-tomcat-10.1.59\webapps\examples] has finished in [252] ms
18-Sep-2026 21:32:24.434 INFO [main] org.apache.catalina.startup.HostConfig.deployDirectory Установка веб приложения в папку [C:\Users\GRU\Desktop\32\apache-tomcat-10.1.59\webapps\host-manager]
18-Sep-2026 21:32:24.462 INFO [main] org.apache.catalina.startup.HostConfig.deployDirectory Deployment of web application directory [C:\Users\GRU\Desktop\32\apache-tomcat-10.1.59\webapps\host-manager] has finished in [28] ms
18-Sep-2026 21:32:24.463 INFO [main] org.apache.catalina.startup.HostConfig.deployDirectory Установка веб приложения в папку [C:\Users\GRU\Desktop\32\apache-tomcat-10.1.59\webapps\manager]
18-Sep-2026 21:32:24.487 INFO [main] org.apache.catalina.startup.HostConfig.deployDirectory Deployment of web application directory [C:\Users\GRU\Desktop\32\apache-tomcat-10.1.59\webapps\manager] has finished in [25] ms
18-Sep-2026 21:32:24.487 INFO [main] org.apache.catalina.startup.HostConfig.deployDirectory Установка веб приложения в папку [C:\Users\GRU\Desktop\32\apache-tomcat-10.1.59\webapps\ROOT]
18-Sep-2026 21:32:24.505 INFO [main] org.apache.catalina.startup.HostConfig.deployDirectory Deployment of web application directory [C:\Users\GRU\Desktop\32\apache-tomcat-10.1.59\webapps\ROOT] has finished in [18] ms
18-Sep-2026 21:32:24.507 INFO [main] org.apache.coyote.AbstractProtocol.start Starting ProtocolHandler ["http-nio-8080"]
18-Sep-2026 21:32:24.525 INFO [main] org.apache.catalina.startup.Catalina.start Server startup in [573] milliseconds
18-Sep-2026 21:33:54.850 INFO [main] org.apache.catalina.core.StandardServer.await A valid shutdown command was received via the shutdown port. Stopping the Server instance.
18-Sep-2026 21:33:54.851 INFO [main] org.apache.coyote.AbstractProtocol.pause Pausing ProtocolHandler ["http-nio-8080"]
18-Sep-2026 21:33:54.854 INFO [main] org.apache.catalina.core.StandardService.stopInternal Stopping service [Catalina]
18-Sep-2026 21:33:54.857 WARNING [main] org.apache.catalina.loader.WebappClassLoaderBase.checkThreadLocalsForLeaks Вам нужно добавить "--add-opens=java.base/java.lang=ALL-UNNAMED" к аргументам командной строки JVM, чтобы включить обнаружение утечек памяти ThreadLocal. Также Вы можете  пресечь появление этого предупреждения, отключив обнаружение утечек памяти ThreadLocal.
18-Sep-2026 21:33:54.858 WARNING [main] org.apache.catalina.loader.WebappClassLoaderBase.clearReferencesRmiTargets You need to add "--add-opens=java.rmi/sun.rmi.transport=ALL-UNNAMED" to the JVM command line arguments to enable RMI Target memory leak detection. Alternatively, you can suppress this warning by disabling RMI Target memory leak detection.
18-Sep-2026 21:33:54.860 WARNING [main] org.apache.catalina.loader.WebappClassLoaderBase.checkThreadLocalsForLeaks Вам нужно добавить "--add-opens=java.base/java.lang=ALL-UNNAMED" к аргументам командной строки JVM, чтобы включить обнаружение утечек памяти ThreadLocal. Также Вы можете  пресечь появление этого предупреждения, отключив обнаружение утечек памяти ThreadLocal.
18-Sep-2026 21:33:54.860 WARNING [main] org.apache.catalina.loader.WebappClassLoaderBase.clearReferencesRmiTargets You need to add "--add-opens=java.rmi/sun.rmi.transport=ALL-UNNAMED" to the JVM command line arguments to enable RMI Target memory leak detection. Alternatively, you can suppress this warning by disabling RMI Target memory leak detection.
18-Sep-2026 21:33:54.861 WARNING [main] org.apache.catalina.loader.WebappClassLoaderBase.checkThreadLocalsForLeaks Вам нужно добавить "--add-opens=java.base/java.lang=ALL-UNNAMED" к аргументам командной строки JVM, чтобы включить обнаружение утечек памяти ThreadLocal. Также Вы можете  пресечь появление этого предупреждения, отключив обнаружение утечек памяти ThreadLocal.
18-Sep-2026 21:33:54.861 WARNING [main] org.apache.catalina.loader.WebappClassLoaderBase.clearReferencesRmiTargets You need to add "--add-opens=java.rmi/sun.rmi.transport=ALL-UNNAMED" to the JVM command line arguments to enable RMI Target memory leak detection. Alternatively, you can suppress this warning by disabling RMI Target memory leak detection.
18-Sep-2026 21:33:54.862 WARNING [main] org.apache.catalina.loader.WebappClassLoaderBase.checkThreadLocalsForLeaks Вам нужно добавить "--add-opens=java.base/java.lang=ALL-UNNAMED" к аргументам командной строки JVM, чтобы включить обнаружение утечек памяти ThreadLocal. Также Вы можете  пресечь появление этого предупреждения, отключив обнаружение утечек памяти ThreadLocal.
18-Sep-2026 21:33:54.862 WARNING [main] org.apache.catalina.loader.WebappClassLoaderBase.clearReferencesRmiTargets You need to add "--add-opens=java.rmi/sun.rmi.transport=ALL-UNNAMED" to the JVM command line arguments to enable RMI Target memory leak detection. Alternatively, you can suppress this warning by disabling RMI Target memory leak detection.
18-Sep-2026 21:33:54.863 WARNING [main] org.apache.catalina.loader.WebappClassLoaderBase.checkThreadLocalsForLeaks Вам нужно добавить "--add-opens=java.base/java.lang=ALL-UNNAMED" к аргументам командной строки JVM, чтобы включить обнаружение утечек памяти ThreadLocal. Также Вы можете  пресечь появление этого предупреждения, отключив обнаружение утечек памяти ThreadLocal.
18-Sep-2026 21:33:54.863 WARNING [main] org.apache.catalina.loader.WebappClassLoaderBase.clearReferencesRmiTargets You need to add "--add-opens=java.rmi/sun.rmi.transport=ALL-UNNAMED" to the JVM command line arguments to enable RMI Target memory leak detection. Alternatively, you can suppress this warning by disabling RMI Target memory leak detection.
18-Sep-2026 21:33:54.865 WARNING [main] org.apache.catalina.loader.WebappClassLoaderBase.checkThreadLocalsForLeaks Вам нужно добавить "--add-opens=java.base/java.lang=ALL-UNNAMED" к аргументам командной строки JVM, чтобы включить обнаружение утечек памяти ThreadLocal. Также Вы можете  пресечь появление этого предупреждения, отключив обнаружение утечек памяти ThreadLocal.
18-Sep-2026 21:33:54.865 WARNING [main] org.apache.catalina.loader.WebappClassLoaderBase.clearReferencesRmiTargets You need to add "--add-opens=java.rmi/sun.rmi.transport=ALL-UNNAMED" to the JVM command line arguments to enable RMI Target memory leak detection. Alternatively, you can suppress this warning by disabling RMI Target memory leak detection.
18-Sep-2026 21:33:54.865 INFO [main] org.apache.coyote.AbstractProtocol.stop Stopping ProtocolHandler ["http-nio-8080"]
18-Sep-2026 21:33:54.878 INFO [main] org.apache.coyote.AbstractProtocol.destroy Destroying ProtocolHandler ["http-nio-8080"]
18-Sep-2026 21:34:49.333 INFO [main] org.apache.catalina.startup.VersionLoggerListener.log Имя версии сервера:    Apache Tomcat/10.1.59
18-Sep-2026 21:34:49.335 INFO [main] org.apache.catalina.startup.VersionLoggerListener.log Сервер собран:         Aug 13 2026 16:59:10 UTC
18-Sep-2026 21:34:49.335 INFO [main] org.apache.catalina.startup.VersionLoggerListener.log Номер версии сервера:  10.1.59.0
18-Sep-2026 21:34:49.335 INFO [main] org.apache.catalina.startup.VersionLoggerListener.log OS Name:               Windows 11
18-Sep-2026 21:34:49.336 INFO [main] org.apache.catalina.startup.VersionLoggerListener.log Версия ОС:             10.0
18-Sep-2026 21:34:49.336 INFO [main] org.apache.catalina.startup.VersionLoggerListener.log Архитектура:           amd64
18-Sep-2026 21:34:49.336 INFO [main] org.apache.catalina.startup.VersionLoggerListener.log Java Home:             C:\Program Files\Java\jdk-25.0.4.1
18-Sep-2026 21:34:49.336 INFO [main] org.apache.catalina.startup.VersionLoggerListener.log Версия JVM:            25.0.4.1+1-LTS-5
18-Sep-2026 21:34:49.336 INFO [main] org.apache.catalina.startup.VersionLoggerListener.log Производитель JVM:     Oracle Corporation
18-Sep-2026 21:34:49.336 INFO [main] org.apache.catalina.startup.VersionLoggerListener.log CATALINA_BASE:         C:\Users\GRU\Desktop\32\apache-tomcat-10.1.59
18-Sep-2026 21:34:49.336 INFO [main] org.apache.catalina.startup.VersionLoggerListener.log CATALINA_HOME:         C:\Users\GRU\Desktop\32\apache-tomcat-10.1.59
18-Sep-2026 21:34:49.343 INFO [main] org.apache.catalina.startup.VersionLoggerListener.log Command line argument: -Djava.util.logging.config.file=c:\Users\GRU\Desktop\32\apache-tomcat-10.1.59/conf/logging.properties
18-Sep-2026 21:34:49.343 INFO [main] org.apache.catalina.startup.VersionLoggerListener.log Command line argument: -Djava.util.logging.manager=org.apache.juli.ClassLoaderLogManager
18-Sep-2026 21:34:49.343 INFO [main] org.apache.catalina.startup.VersionLoggerListener.log Command line argument: -Djdk.tls.ephemeralDHKeySize=2048
18-Sep-2026 21:34:49.344 INFO [main] org.apache.catalina.startup.VersionLoggerListener.log Command line argument: -Djava.protocol.handler.pkgs=org.apache.catalina.webresources
18-Sep-2026 21:34:49.344 INFO [main] org.apache.catalina.startup.VersionLoggerListener.log Command line argument: -Dorg.apache.catalina.security.SecurityListener.UMASK=0027
18-Sep-2026 21:34:49.344 INFO [main] org.apache.catalina.startup.VersionLoggerListener.log Command line argument: -Dcatalina.base=c:\Users\GRU\Desktop\32\apache-tomcat-10.1.59
18-Sep-2026 21:34:49.344 INFO [main] org.apache.catalina.startup.VersionLoggerListener.log Command line argument: -Dcatalina.home=c:\Users\GRU\Desktop\32\apache-tomcat-10.1.59
18-Sep-2026 21:34:49.344 INFO [main] org.apache.catalina.startup.VersionLoggerListener.log Command line argument: -Djava.io.tmpdir=c:\Users\GRU\Desktop\32\apache-tomcat-10.1.59/temp
18-Sep-2026 21:34:49.346 INFO [main] org.apache.catalina.core.AprLifecycleListener.lifecycleEvent The Apache Tomcat Native library which allows using OpenSSL was not found on the java.library.path: [C:\Program Files\Java\jdk-25.0.4.1\bin;C:\WINDOWS\Sun\Java\bin;C:\WINDOWS\system32;C:\WINDOWS;C:\Program Files\Common Files\Oracle\Java\javapath;C:\WINDOWS\system32;C:\WINDOWS;C:\WINDOWS\System32\Wbem;C:\WINDOWS\System32\WindowsPowerShell\v1.0\;C:\WINDOWS\System32\OpenSSH\;C:\Program Files\NVIDIA Corporation\NVIDIA App\NvDLISR;C:\Program Files (x86)\NVIDIA Corporation\PhysX\Common;C:\Program Files (x86)\Windows Kits\10\Windows Performance Toolkit\;C:\Users\GRU\AppData\Local\Microsoft\WindowsApps;C:\Users\GRU\AppData\Local\Programs\Microsoft VS Code\bin;C:\Program Files\Java\jdk-25.0.4.1\bin;C:\Users\GRU\Desktop\32\apache-maven-3.9.16\bin;C:\Users\GRU\AppData\Local\Microsoft\WindowsApps;C:\Users\GRU\AppData\Local\Programs\Microsoft VS Code\bin;.]
18-Sep-2026 21:34:49.481 INFO [main] org.apache.coyote.AbstractProtocol.init Инициализация ProtocolHandler ["http-nio-8087"]
18-Sep-2026 21:34:49.495 INFO [main] org.apache.catalina.startup.Catalina.load Server initialization in [258] milliseconds
18-Sep-2026 21:34:49.526 INFO [main] org.apache.catalina.core.StandardService.startInternal Starting service [Catalina]
18-Sep-2026 21:34:49.526 INFO [main] org.apache.catalina.core.StandardEngine.startInternal Starting Servlet engine: [Apache Tomcat/10.1.59]
18-Sep-2026 21:34:49.543 INFO [main] org.apache.catalina.startup.HostConfig.deployWAR Deploying web application archive [C:\Users\GRU\Desktop\32\apache-tomcat-10.1.59\webapps\labtwo.war]
18-Sep-2026 21:34:49.706 INFO [main] org.apache.catalina.startup.HostConfig.deployWAR Deployment of web application archive [C:\Users\GRU\Desktop\32\apache-tomcat-10.1.59\webapps\labtwo.war] has finished in [160] ms
18-Sep-2026 21:34:49.706 INFO [main] org.apache.catalina.startup.HostConfig.deployDirectory Установка веб приложения в папку [C:\Users\GRU\Desktop\32\apache-tomcat-10.1.59\webapps\docs]
18-Sep-2026 21:34:49.733 INFO [main] org.apache.catalina.startup.HostConfig.deployDirectory Deployment of web application directory [C:\Users\GRU\Desktop\32\apache-tomcat-10.1.59\webapps\docs] has finished in [27] ms
18-Sep-2026 21:34:49.733 INFO [main] org.apache.catalina.startup.HostConfig.deployDirectory Установка веб приложения в папку [C:\Users\GRU\Desktop\32\apache-tomcat-10.1.59\webapps\examples]
18-Sep-2026 21:34:49.977 INFO [main] org.apache.catalina.startup.HostConfig.deployDirectory Deployment of web application directory [C:\Users\GRU\Desktop\32\apache-tomcat-10.1.59\webapps\examples] has finished in [244] ms
18-Sep-2026 21:34:49.977 INFO [main] org.apache.catalina.startup.HostConfig.deployDirectory Установка веб приложения в папку [C:\Users\GRU\Desktop\32\apache-tomcat-10.1.59\webapps\host-manager]
18-Sep-2026 21:34:50.005 INFO [main] org.apache.catalina.startup.HostConfig.deployDirectory Deployment of web application directory [C:\Users\GRU\Desktop\32\apache-tomcat-10.1.59\webapps\host-manager] has finished in [28] ms
18-Sep-2026 21:34:50.005 INFO [main] org.apache.catalina.startup.HostConfig.deployDirectory Установка веб приложения в папку [C:\Users\GRU\Desktop\32\apache-tomcat-10.1.59\webapps\manager]
18-Sep-2026 21:34:50.029 INFO [main] org.apache.catalina.startup.HostConfig.deployDirectory Deployment of web application directory [C:\Users\GRU\Desktop\32\apache-tomcat-10.1.59\webapps\manager] has finished in [24] ms
18-Sep-2026 21:34:50.029 INFO [main] org.apache.catalina.startup.HostConfig.deployDirectory Установка веб приложения в папку [C:\Users\GRU\Desktop\32\apache-tomcat-10.1.59\webapps\ROOT]
18-Sep-2026 21:34:50.047 INFO [main] org.apache.catalina.startup.HostConfig.deployDirectory Deployment of web application directory [C:\Users\GRU\Desktop\32\apache-tomcat-10.1.59\webapps\ROOT] has finished in [18] ms
18-Sep-2026 21:34:50.050 INFO [main] org.apache.coyote.AbstractProtocol.start Starting ProtocolHandler ["http-nio-8087"]
18-Sep-2026 21:34:50.066 INFO [main] org.apache.catalina.startup.Catalina.start Server startup in [571] milliseconds
18-Sep-2026 21:37:02.355 INFO [main] org.apache.catalina.startup.VersionLoggerListener.log Имя версии сервера:    Apache Tomcat/10.1.59
18-Sep-2026 21:37:02.357 INFO [main] org.apache.catalina.startup.VersionLoggerListener.log Сервер собран:         Aug 13 2026 16:59:10 UTC
18-Sep-2026 21:37:02.357 INFO [main] org.apache.catalina.startup.VersionLoggerListener.log Номер версии сервера:  10.1.59.0
18-Sep-2026 21:37:02.357 INFO [main] org.apache.catalina.startup.VersionLoggerListener.log OS Name:               Windows 11
18-Sep-2026 21:37:02.357 INFO [main] org.apache.catalina.startup.VersionLoggerListener.log Версия ОС:             10.0
18-Sep-2026 21:37:02.358 INFO [main] org.apache.catalina.startup.VersionLoggerListener.log Архитектура:           amd64
18-Sep-2026 21:37:02.358 INFO [main] org.apache.catalina.startup.VersionLoggerListener.log Java Home:             C:\Program Files\Java\jdk-25.0.4.1
18-Sep-2026 21:37:02.358 INFO [main] org.apache.catalina.startup.VersionLoggerListener.log Версия JVM:            25.0.4.1+1-LTS-5
18-Sep-2026 21:37:02.358 INFO [main] org.apache.catalina.startup.VersionLoggerListener.log Производитель JVM:     Oracle Corporation
18-Sep-2026 21:37:02.358 INFO [main] org.apache.catalina.startup.VersionLoggerListener.log CATALINA_BASE:         C:\Users\GRU\Desktop\32\apache-tomcat-10.1.59
18-Sep-2026 21:37:02.358 INFO [main] org.apache.catalina.startup.VersionLoggerListener.log CATALINA_HOME:         C:\Users\GRU\Desktop\32\apache-tomcat-10.1.59
18-Sep-2026 21:37:02.365 INFO [main] org.apache.catalina.startup.VersionLoggerListener.log Command line argument: -Djava.util.logging.config.file=c:\Users\GRU\Desktop\32\apache-tomcat-10.1.59/conf/logging.properties
18-Sep-2026 21:37:02.365 INFO [main] org.apache.catalina.startup.VersionLoggerListener.log Command line argument: -Djava.util.logging.manager=org.apache.juli.ClassLoaderLogManager
18-Sep-2026 21:37:02.365 INFO [main] org.apache.catalina.startup.VersionLoggerListener.log Command line argument: -Djdk.tls.ephemeralDHKeySize=2048
18-Sep-2026 21:37:02.365 INFO [main] org.apache.catalina.startup.VersionLoggerListener.log Command line argument: -Djava.protocol.handler.pkgs=org.apache.catalina.webresources
18-Sep-2026 21:37:02.365 INFO [main] org.apache.catalina.startup.VersionLoggerListener.log Command line argument: -Dorg.apache.catalina.security.SecurityListener.UMASK=0027
18-Sep-2026 21:37:02.365 INFO [main] org.apache.catalina.startup.VersionLoggerListener.log Command line argument: -Dcatalina.base=c:\Users\GRU\Desktop\32\apache-tomcat-10.1.59
18-Sep-2026 21:37:02.365 INFO [main] org.apache.catalina.startup.VersionLoggerListener.log Command line argument: -Dcatalina.home=c:\Users\GRU\Desktop\32\apache-tomcat-10.1.59
18-Sep-2026 21:37:02.365 INFO [main] org.apache.catalina.startup.VersionLoggerListener.log Command line argument: -Djava.io.tmpdir=c:\Users\GRU\Desktop\32\apache-tomcat-10.1.59/temp
18-Sep-2026 21:37:02.368 INFO [main] org.apache.catalina.core.AprLifecycleListener.lifecycleEvent The Apache Tomcat Native library which allows using OpenSSL was not found on the java.library.path: [C:\Program Files\Java\jdk-25.0.4.1\bin;C:\WINDOWS\Sun\Java\bin;C:\WINDOWS\system32;C:\WINDOWS;C:\Program Files\Common Files\Oracle\Java\javapath;C:\WINDOWS\system32;C:\WINDOWS;C:\WINDOWS\System32\Wbem;C:\WINDOWS\System32\WindowsPowerShell\v1.0\;C:\WINDOWS\System32\OpenSSH\;C:\Program Files\NVIDIA Corporation\NVIDIA App\NvDLISR;C:\Program Files (x86)\NVIDIA Corporation\PhysX\Common;C:\Program Files (x86)\Windows Kits\10\Windows Performance Toolkit\;C:\Users\GRU\AppData\Local\Microsoft\WindowsApps;C:\Users\GRU\AppData\Local\Programs\Microsoft VS Code\bin;C:\Program Files\Java\jdk-25.0.4.1\bin;C:\Users\GRU\Desktop\32\apache-maven-3.9.16\bin;C:\Users\GRU\AppData\Local\Microsoft\WindowsApps;C:\Users\GRU\AppData\Local\Programs\Microsoft VS Code\bin;.]
18-Sep-2026 21:37:02.513 INFO [main] org.apache.coyote.AbstractProtocol.init Инициализация ProtocolHandler ["http-nio-8080"]
18-Sep-2026 21:37:02.528 INFO [main] org.apache.catalina.startup.Catalina.load Server initialization in [280] milliseconds
18-Sep-2026 21:37:02.551 INFO [main] org.apache.catalina.core.StandardService.startInternal Starting service [Catalina]
18-Sep-2026 21:37:02.551 INFO [main] org.apache.catalina.core.StandardEngine.startInternal Starting Servlet engine: [Apache Tomcat/10.1.59]
18-Sep-2026 21:37:02.567 INFO [main] org.apache.catalina.startup.HostConfig.deployWAR Deploying web application archive [C:\Users\GRU\Desktop\32\apache-tomcat-10.1.59\webapps\labtwo.war]
18-Sep-2026 21:37:02.737 INFO [main] org.apache.catalina.startup.HostConfig.deployWAR Deployment of web application archive [C:\Users\GRU\Desktop\32\apache-tomcat-10.1.59\webapps\labtwo.war] has finished in [168] ms
18-Sep-2026 21:37:02.738 INFO [main] org.apache.catalina.startup.HostConfig.deployDirectory Установка веб приложения в папку [C:\Users\GRU\Desktop\32\apache-tomcat-10.1.59\webapps\docs]
18-Sep-2026 21:37:02.765 INFO [main] org.apache.catalina.startup.HostConfig.deployDirectory Deployment of web application directory [C:\Users\GRU\Desktop\32\apache-tomcat-10.1.59\webapps\docs] has finished in [27] ms
18-Sep-2026 21:37:02.765 INFO [main] org.apache.catalina.startup.HostConfig.deployDirectory Установка веб приложения в папку [C:\Users\GRU\Desktop\32\apache-tomcat-10.1.59\webapps\examples]
18-Sep-2026 21:37:03.008 INFO [main] org.apache.catalina.startup.HostConfig.deployDirectory Deployment of web application directory [C:\Users\GRU\Desktop\32\apache-tomcat-10.1.59\webapps\examples] has finished in [243] ms
18-Sep-2026 21:37:03.009 INFO [main] org.apache.catalina.startup.HostConfig.deployDirectory Установка веб приложения в папку [C:\Users\GRU\Desktop\32\apache-tomcat-10.1.59\webapps\host-manager]
18-Sep-2026 21:37:03.035 INFO [main] org.apache.catalina.startup.HostConfig.deployDirectory Deployment of web application directory [C:\Users\GRU\Desktop\32\apache-tomcat-10.1.59\webapps\host-manager] has finished in [27] ms
18-Sep-2026 21:37:03.035 INFO [main] org.apache.catalina.startup.HostConfig.deployDirectory Установка веб приложения в папку [C:\Users\GRU\Desktop\32\apache-tomcat-10.1.59\webapps\manager]
18-Sep-2026 21:37:03.060 INFO [main] org.apache.catalina.startup.HostConfig.deployDirectory Deployment of web application directory [C:\Users\GRU\Desktop\32\apache-tomcat-10.1.59\webapps\manager] has finished in [24] ms
18-Sep-2026 21:37:03.060 INFO [main] org.apache.catalina.startup.HostConfig.deployDirectory Установка веб приложения в папку [C:\Users\GRU\Desktop\32\apache-tomcat-10.1.59\webapps\ROOT]
18-Sep-2026 21:37:03.077 INFO [main] org.apache.catalina.startup.HostConfig.deployDirectory Deployment of web application directory [C:\Users\GRU\Desktop\32\apache-tomcat-10.1.59\webapps\ROOT] has finished in [17] ms
18-Sep-2026 21:37:03.082 INFO [main] org.apache.coyote.AbstractProtocol.start Starting ProtocolHandler ["http-nio-8080"]
18-Sep-2026 21:37:03.096 INFO [main] org.apache.catalina.startup.Catalina.start Server startup in [565] milliseconds
18-Sep-2026 21:37:10.449 INFO [main] org.apache.catalina.core.StandardServer.await A valid shutdown command was received via the shutdown port. Stopping the Server instance.
18-Sep-2026 21:37:10.449 INFO [main] org.apache.coyote.AbstractProtocol.pause Pausing ProtocolHandler ["http-nio-8080"]
18-Sep-2026 21:37:10.453 INFO [main] org.apache.catalina.core.StandardService.stopInternal Stopping service [Catalina]
18-Sep-2026 21:37:10.456 WARNING [main] org.apache.catalina.loader.WebappClassLoaderBase.checkThreadLocalsForLeaks Вам нужно добавить "--add-opens=java.base/java.lang=ALL-UNNAMED" к аргументам командной строки JVM, чтобы включить обнаружение утечек памяти ThreadLocal. Также Вы можете  пресечь появление этого предупреждения, отключив обнаружение утечек памяти ThreadLocal.
18-Sep-2026 21:37:10.457 WARNING [main] org.apache.catalina.loader.WebappClassLoaderBase.clearReferencesRmiTargets You need to add "--add-opens=java.rmi/sun.rmi.transport=ALL-UNNAMED" to the JVM command line arguments to enable RMI Target memory leak detection. Alternatively, you can suppress this warning by disabling RMI Target memory leak detection.
18-Sep-2026 21:37:10.460 WARNING [main] org.apache.catalina.loader.WebappClassLoaderBase.checkThreadLocalsForLeaks Вам нужно добавить "--add-opens=java.base/java.lang=ALL-UNNAMED" к аргументам командной строки JVM, чтобы включить обнаружение утечек памяти ThreadLocal. Также Вы можете  пресечь появление этого предупреждения, отключив обнаружение утечек памяти ThreadLocal.
18-Sep-2026 21:37:10.460 WARNING [main] org.apache.catalina.loader.WebappClassLoaderBase.clearReferencesRmiTargets You need to add "--add-opens=java.rmi/sun.rmi.transport=ALL-UNNAMED" to the JVM command line arguments to enable RMI Target memory leak detection. Alternatively, you can suppress this warning by disabling RMI Target memory leak detection.
18-Sep-2026 21:37:10.461 WARNING [main] org.apache.catalina.loader.WebappClassLoaderBase.checkThreadLocalsForLeaks Вам нужно добавить "--add-opens=java.base/java.lang=ALL-UNNAMED" к аргументам командной строки JVM, чтобы включить обнаружение утечек памяти ThreadLocal. Также Вы можете  пресечь появление этого предупреждения, отключив обнаружение утечек памяти ThreadLocal.
18-Sep-2026 21:37:10.462 WARNING [main] org.apache.catalina.loader.WebappClassLoaderBase.clearReferencesRmiTargets You need to add "--add-opens=java.rmi/sun.rmi.transport=ALL-UNNAMED" to the JVM command line arguments to enable RMI Target memory leak detection. Alternatively, you can suppress this warning by disabling RMI Target memory leak detection.
18-Sep-2026 21:37:10.463 WARNING [main] org.apache.catalina.loader.WebappClassLoaderBase.checkThreadLocalsForLeaks Вам нужно добавить "--add-opens=java.base/java.lang=ALL-UNNAMED" к аргументам командной строки JVM, чтобы включить обнаружение утечек памяти ThreadLocal. Также Вы можете  пресечь появление этого предупреждения, отключив обнаружение утечек памяти ThreadLocal.
18-Sep-2026 21:37:10.463 WARNING [main] org.apache.catalina.loader.WebappClassLoaderBase.clearReferencesRmiTargets You need to add "--add-opens=java.rmi/sun.rmi.transport=ALL-UNNAMED" to the JVM command line arguments to enable RMI Target memory leak detection. Alternatively, you can suppress this warning by disabling RMI Target memory leak detection.
18-Sep-2026 21:37:10.467 WARNING [main] org.apache.catalina.loader.WebappClassLoaderBase.checkThreadLocalsForLeaks Вам нужно добавить "--add-opens=java.base/java.lang=ALL-UNNAMED" к аргументам командной строки JVM, чтобы включить обнаружение утечек памяти ThreadLocal. Также Вы можете  пресечь появление этого предупреждения, отключив обнаружение утечек памяти ThreadLocal.
18-Sep-2026 21:37:10.467 WARNING [main] org.apache.catalina.loader.WebappClassLoaderBase.clearReferencesRmiTargets You need to add "--add-opens=java.rmi/sun.rmi.transport=ALL-UNNAMED" to the JVM command line arguments to enable RMI Target memory leak detection. Alternatively, you can suppress this warning by disabling RMI Target memory leak detection.
18-Sep-2026 21:37:10.469 WARNING [main] org.apache.catalina.loader.WebappClassLoaderBase.checkThreadLocalsForLeaks Вам нужно добавить "--add-opens=java.base/java.lang=ALL-UNNAMED" к аргументам командной строки JVM, чтобы включить обнаружение утечек памяти ThreadLocal. Также Вы можете  пресечь появление этого предупреждения, отключив обнаружение утечек памяти ThreadLocal.
18-Sep-2026 21:37:10.469 WARNING [main] org.apache.catalina.loader.WebappClassLoaderBase.clearReferencesRmiTargets You need to add "--add-opens=java.rmi/sun.rmi.transport=ALL-UNNAMED" to the JVM command line arguments to enable RMI Target memory leak detection. Alternatively, you can suppress this warning by disabling RMI Target memory leak detection.
18-Sep-2026 21:37:10.469 INFO [main] org.apache.coyote.AbstractProtocol.stop Stopping ProtocolHandler ["http-nio-8080"]
18-Sep-2026 21:37:10.473 INFO [main] org.apache.coyote.AbstractProtocol.destroy Destroying ProtocolHandler ["http-nio-8080"]
