19-Sep-2026 20:12:14.162 INFO [main] org.apache.catalina.startup.VersionLoggerListener.log Имя версии сервера:    Apache Tomcat/10.1.59
19-Sep-2026 20:12:14.165 INFO [main] org.apache.catalina.startup.VersionLoggerListener.log Сервер собран:         Aug 13 2026 16:59:10 UTC
19-Sep-2026 20:12:14.165 INFO [main] org.apache.catalina.startup.VersionLoggerListener.log Номер версии сервера:  10.1.59.0
19-Sep-2026 20:12:14.165 INFO [main] org.apache.catalina.startup.VersionLoggerListener.log OS Name:               Windows 11
19-Sep-2026 20:12:14.165 INFO [main] org.apache.catalina.startup.VersionLoggerListener.log Версия ОС:             10.0
19-Sep-2026 20:12:14.165 INFO [main] org.apache.catalina.startup.VersionLoggerListener.log Архитектура:           amd64
19-Sep-2026 20:12:14.165 INFO [main] org.apache.catalina.startup.VersionLoggerListener.log Java Home:             C:\Program Files\Java\jdk-25.0.4.1
19-Sep-2026 20:12:14.165 INFO [main] org.apache.catalina.startup.VersionLoggerListener.log Версия JVM:            25.0.4.1+1-LTS-5
19-Sep-2026 20:12:14.165 INFO [main] org.apache.catalina.startup.VersionLoggerListener.log Производитель JVM:     Oracle Corporation
19-Sep-2026 20:12:14.166 INFO [main] org.apache.catalina.startup.VersionLoggerListener.log CATALINA_BASE:         C:\Users\GRU\Desktop\32\apache-tomcat-10.1.59
19-Sep-2026 20:12:14.166 INFO [main] org.apache.catalina.startup.VersionLoggerListener.log CATALINA_HOME:         C:\Users\GRU\Desktop\32\apache-tomcat-10.1.59
19-Sep-2026 20:12:14.177 INFO [main] org.apache.catalina.startup.VersionLoggerListener.log Command line argument: -Djava.util.logging.config.file=c:\Users\GRU\Desktop\32\apache-tomcat-10.1.59/conf/logging.properties
19-Sep-2026 20:12:14.177 INFO [main] org.apache.catalina.startup.VersionLoggerListener.log Command line argument: -Djava.util.logging.manager=org.apache.juli.ClassLoaderLogManager
19-Sep-2026 20:12:14.177 INFO [main] org.apache.catalina.startup.VersionLoggerListener.log Command line argument: -Djdk.tls.ephemeralDHKeySize=2048
19-Sep-2026 20:12:14.177 INFO [main] org.apache.catalina.startup.VersionLoggerListener.log Command line argument: -Djava.protocol.handler.pkgs=org.apache.catalina.webresources
19-Sep-2026 20:12:14.177 INFO [main] org.apache.catalina.startup.VersionLoggerListener.log Command line argument: -Dorg.apache.catalina.security.SecurityListener.UMASK=0027
19-Sep-2026 20:12:14.177 INFO [main] org.apache.catalina.startup.VersionLoggerListener.log Command line argument: -Dcatalina.base=c:\Users\GRU\Desktop\32\apache-tomcat-10.1.59
19-Sep-2026 20:12:14.177 INFO [main] org.apache.catalina.startup.VersionLoggerListener.log Command line argument: -Dcatalina.home=c:\Users\GRU\Desktop\32\apache-tomcat-10.1.59
19-Sep-2026 20:12:14.177 INFO [main] org.apache.catalina.startup.VersionLoggerListener.log Command line argument: -Djava.io.tmpdir=c:\Users\GRU\Desktop\32\apache-tomcat-10.1.59/temp
19-Sep-2026 20:12:14.181 INFO [main] org.apache.catalina.core.AprLifecycleListener.lifecycleEvent The Apache Tomcat Native library which allows using OpenSSL was not found on the java.library.path: [C:\Program Files\Java\jdk-25.0.4.1\bin;C:\WINDOWS\Sun\Java\bin;C:\WINDOWS\system32;C:\WINDOWS;C:\Program Files\Common Files\Oracle\Java\javapath;C:\WINDOWS\system32;C:\WINDOWS;C:\WINDOWS\System32\Wbem;C:\WINDOWS\System32\WindowsPowerShell\v1.0\;C:\WINDOWS\System32\OpenSSH\;C:\Program Files\NVIDIA Corporation\NVIDIA App\NvDLISR;C:\Program Files (x86)\NVIDIA Corporation\PhysX\Common;C:\Program Files (x86)\Windows Kits\10\Windows Performance Toolkit\;C:\Users\GRU\AppData\Local\Microsoft\WindowsApps;C:\Users\GRU\AppData\Local\Programs\Microsoft VS Code\bin;C:\Program Files\Java\jdk-25.0.4.1\bin;C:\Users\GRU\Desktop\32\apache-maven-3.9.16\bin;C:\Program Files\Git\cmd;C:\Users\GRU\AppData\Local\Microsoft\WindowsApps;C:\Users\GRU\AppData\Local\Programs\Microsoft VS Code\bin;.]
19-Sep-2026 20:12:14.351 INFO [main] org.apache.coyote.AbstractProtocol.init Инициализация ProtocolHandler ["http-nio-8080"]
19-Sep-2026 20:12:14.366 INFO [main] org.apache.catalina.startup.Catalina.load Server initialization in [325] milliseconds
19-Sep-2026 20:12:14.400 INFO [main] org.apache.catalina.core.StandardService.startInternal Starting service [Catalina]
19-Sep-2026 20:12:14.400 INFO [main] org.apache.catalina.core.StandardEngine.startInternal Starting Servlet engine: [Apache Tomcat/10.1.59]
19-Sep-2026 20:12:14.416 INFO [main] org.apache.catalina.startup.HostConfig.deployWAR Deploying web application archive [C:\Users\GRU\Desktop\32\apache-tomcat-10.1.59\webapps\labtwo.war]
19-Sep-2026 20:12:14.616 INFO [main] org.apache.catalina.startup.HostConfig.deployWAR Deployment of web application archive [C:\Users\GRU\Desktop\32\apache-tomcat-10.1.59\webapps\labtwo.war] has finished in [197] ms
19-Sep-2026 20:12:14.616 INFO [main] org.apache.catalina.startup.HostConfig.deployDirectory Установка веб приложения в папку [C:\Users\GRU\Desktop\32\apache-tomcat-10.1.59\webapps\docs]
19-Sep-2026 20:12:14.642 INFO [main] org.apache.catalina.startup.HostConfig.deployDirectory Deployment of web application directory [C:\Users\GRU\Desktop\32\apache-tomcat-10.1.59\webapps\docs] has finished in [26] ms
19-Sep-2026 20:12:14.642 INFO [main] org.apache.catalina.startup.HostConfig.deployDirectory Установка веб приложения в папку [C:\Users\GRU\Desktop\32\apache-tomcat-10.1.59\webapps\examples]
19-Sep-2026 20:12:14.915 INFO [main] org.apache.catalina.startup.HostConfig.deployDirectory Deployment of web application directory [C:\Users\GRU\Desktop\32\apache-tomcat-10.1.59\webapps\examples] has finished in [273] ms
19-Sep-2026 20:12:14.915 INFO [main] org.apache.catalina.startup.HostConfig.deployDirectory Установка веб приложения в папку [C:\Users\GRU\Desktop\32\apache-tomcat-10.1.59\webapps\host-manager]
19-Sep-2026 20:12:14.941 INFO [main] org.apache.catalina.startup.HostConfig.deployDirectory Deployment of web application directory [C:\Users\GRU\Desktop\32\apache-tomcat-10.1.59\webapps\host-manager] has finished in [26] ms
19-Sep-2026 20:12:14.942 INFO [main] org.apache.catalina.startup.HostConfig.deployDirectory Установка веб приложения в папку [C:\Users\GRU\Desktop\32\apache-tomcat-10.1.59\webapps\manager]
19-Sep-2026 20:12:14.966 INFO [main] org.apache.catalina.startup.HostConfig.deployDirectory Deployment of web application directory [C:\Users\GRU\Desktop\32\apache-tomcat-10.1.59\webapps\manager] has finished in [24] ms
19-Sep-2026 20:12:14.966 INFO [main] org.apache.catalina.startup.HostConfig.deployDirectory Установка веб приложения в папку [C:\Users\GRU\Desktop\32\apache-tomcat-10.1.59\webapps\ROOT]
19-Sep-2026 20:12:14.984 INFO [main] org.apache.catalina.startup.HostConfig.deployDirectory Deployment of web application directory [C:\Users\GRU\Desktop\32\apache-tomcat-10.1.59\webapps\ROOT] has finished in [18] ms
19-Sep-2026 20:12:14.986 INFO [main] org.apache.coyote.AbstractProtocol.start Starting ProtocolHandler ["http-nio-8080"]
19-Sep-2026 20:12:15.008 INFO [main] org.apache.catalina.startup.Catalina.start Server startup in [640] milliseconds
19-Sep-2026 20:12:39.996 INFO [main] org.apache.catalina.core.StandardServer.await A valid shutdown command was received via the shutdown port. Stopping the Server instance.
19-Sep-2026 20:12:39.997 INFO [main] org.apache.coyote.AbstractProtocol.pause Pausing ProtocolHandler ["http-nio-8080"]
19-Sep-2026 20:12:40.000 INFO [main] org.apache.catalina.core.StandardService.stopInternal Stopping service [Catalina]
19-Sep-2026 20:12:40.004 WARNING [main] org.apache.catalina.loader.WebappClassLoaderBase.checkThreadLocalsForLeaks Вам нужно добавить "--add-opens=java.base/java.lang=ALL-UNNAMED" к аргументам командной строки JVM, чтобы включить обнаружение утечек памяти ThreadLocal. Также Вы можете  пресечь появление этого предупреждения, отключив обнаружение утечек памяти ThreadLocal.
19-Sep-2026 20:12:40.005 WARNING [main] org.apache.catalina.loader.WebappClassLoaderBase.clearReferencesRmiTargets You need to add "--add-opens=java.rmi/sun.rmi.transport=ALL-UNNAMED" to the JVM command line arguments to enable RMI Target memory leak detection. Alternatively, you can suppress this warning by disabling RMI Target memory leak detection.
19-Sep-2026 20:12:40.007 WARNING [main] org.apache.catalina.loader.WebappClassLoaderBase.checkThreadLocalsForLeaks Вам нужно добавить "--add-opens=java.base/java.lang=ALL-UNNAMED" к аргументам командной строки JVM, чтобы включить обнаружение утечек памяти ThreadLocal. Также Вы можете  пресечь появление этого предупреждения, отключив обнаружение утечек памяти ThreadLocal.
19-Sep-2026 20:12:40.007 WARNING [main] org.apache.catalina.loader.WebappClassLoaderBase.clearReferencesRmiTargets You need to add "--add-opens=java.rmi/sun.rmi.transport=ALL-UNNAMED" to the JVM command line arguments to enable RMI Target memory leak detection. Alternatively, you can suppress this warning by disabling RMI Target memory leak detection.
19-Sep-2026 20:12:40.009 WARNING [main] org.apache.catalina.loader.WebappClassLoaderBase.checkThreadLocalsForLeaks Вам нужно добавить "--add-opens=java.base/java.lang=ALL-UNNAMED" к аргументам командной строки JVM, чтобы включить обнаружение утечек памяти ThreadLocal. Также Вы можете  пресечь появление этого предупреждения, отключив обнаружение утечек памяти ThreadLocal.
19-Sep-2026 20:12:40.010 WARNING [main] org.apache.catalina.loader.WebappClassLoaderBase.clearReferencesRmiTargets You need to add "--add-opens=java.rmi/sun.rmi.transport=ALL-UNNAMED" to the JVM command line arguments to enable RMI Target memory leak detection. Alternatively, you can suppress this warning by disabling RMI Target memory leak detection.
19-Sep-2026 20:12:40.011 WARNING [main] org.apache.catalina.loader.WebappClassLoaderBase.checkThreadLocalsForLeaks Вам нужно добавить "--add-opens=java.base/java.lang=ALL-UNNAMED" к аргументам командной строки JVM, чтобы включить обнаружение утечек памяти ThreadLocal. Также Вы можете  пресечь появление этого предупреждения, отключив обнаружение утечек памяти ThreadLocal.
19-Sep-2026 20:12:40.011 WARNING [main] org.apache.catalina.loader.WebappClassLoaderBase.clearReferencesRmiTargets You need to add "--add-opens=java.rmi/sun.rmi.transport=ALL-UNNAMED" to the JVM command line arguments to enable RMI Target memory leak detection. Alternatively, you can suppress this warning by disabling RMI Target memory leak detection.
19-Sep-2026 20:12:40.013 WARNING [main] org.apache.catalina.loader.WebappClassLoaderBase.checkThreadLocalsForLeaks Вам нужно добавить "--add-opens=java.base/java.lang=ALL-UNNAMED" к аргументам командной строки JVM, чтобы включить обнаружение утечек памяти ThreadLocal. Также Вы можете  пресечь появление этого предупреждения, отключив обнаружение утечек памяти ThreadLocal.
19-Sep-2026 20:12:40.013 WARNING [main] org.apache.catalina.loader.WebappClassLoaderBase.clearReferencesRmiTargets You need to add "--add-opens=java.rmi/sun.rmi.transport=ALL-UNNAMED" to the JVM command line arguments to enable RMI Target memory leak detection. Alternatively, you can suppress this warning by disabling RMI Target memory leak detection.
19-Sep-2026 20:12:40.014 WARNING [main] org.apache.catalina.loader.WebappClassLoaderBase.checkThreadLocalsForLeaks Вам нужно добавить "--add-opens=java.base/java.lang=ALL-UNNAMED" к аргументам командной строки JVM, чтобы включить обнаружение утечек памяти ThreadLocal. Также Вы можете  пресечь появление этого предупреждения, отключив обнаружение утечек памяти ThreadLocal.
19-Sep-2026 20:12:40.014 WARNING [main] org.apache.catalina.loader.WebappClassLoaderBase.clearReferencesRmiTargets You need to add "--add-opens=java.rmi/sun.rmi.transport=ALL-UNNAMED" to the JVM command line arguments to enable RMI Target memory leak detection. Alternatively, you can suppress this warning by disabling RMI Target memory leak detection.
19-Sep-2026 20:12:40.015 INFO [main] org.apache.coyote.AbstractProtocol.stop Stopping ProtocolHandler ["http-nio-8080"]
19-Sep-2026 20:12:40.019 INFO [main] org.apache.coyote.AbstractProtocol.destroy Destroying ProtocolHandler ["http-nio-8080"]
19-Sep-2026 20:26:56.625 INFO [main] org.apache.catalina.startup.VersionLoggerListener.log Имя версии сервера:    Apache Tomcat/10.1.59
19-Sep-2026 20:26:56.627 INFO [main] org.apache.catalina.startup.VersionLoggerListener.log Сервер собран:         Aug 13 2026 16:59:10 UTC
19-Sep-2026 20:26:56.627 INFO [main] org.apache.catalina.startup.VersionLoggerListener.log Номер версии сервера:  10.1.59.0
19-Sep-2026 20:26:56.627 INFO [main] org.apache.catalina.startup.VersionLoggerListener.log OS Name:               Windows 11
19-Sep-2026 20:26:56.627 INFO [main] org.apache.catalina.startup.VersionLoggerListener.log Версия ОС:             10.0
19-Sep-2026 20:26:56.627 INFO [main] org.apache.catalina.startup.VersionLoggerListener.log Архитектура:           amd64
19-Sep-2026 20:26:56.627 INFO [main] org.apache.catalina.startup.VersionLoggerListener.log Java Home:             C:\Program Files\Java\jdk-25.0.4.1
19-Sep-2026 20:26:56.627 INFO [main] org.apache.catalina.startup.VersionLoggerListener.log Версия JVM:            25.0.4.1+1-LTS-5
19-Sep-2026 20:26:56.627 INFO [main] org.apache.catalina.startup.VersionLoggerListener.log Производитель JVM:     Oracle Corporation
19-Sep-2026 20:26:56.628 INFO [main] org.apache.catalina.startup.VersionLoggerListener.log CATALINA_BASE:         C:\Users\GRU\Desktop\32\apache-tomcat-10.1.59
19-Sep-2026 20:26:56.628 INFO [main] org.apache.catalina.startup.VersionLoggerListener.log CATALINA_HOME:         C:\Users\GRU\Desktop\32\apache-tomcat-10.1.59
19-Sep-2026 20:26:56.633 INFO [main] org.apache.catalina.startup.VersionLoggerListener.log Command line argument: -Djava.util.logging.config.file=c:\Users\GRU\Desktop\32\apache-tomcat-10.1.59/conf/logging.properties
19-Sep-2026 20:26:56.633 INFO [main] org.apache.catalina.startup.VersionLoggerListener.log Command line argument: -Djava.util.logging.manager=org.apache.juli.ClassLoaderLogManager
19-Sep-2026 20:26:56.634 INFO [main] org.apache.catalina.startup.VersionLoggerListener.log Command line argument: -Djdk.tls.ephemeralDHKeySize=2048
19-Sep-2026 20:26:56.634 INFO [main] org.apache.catalina.startup.VersionLoggerListener.log Command line argument: -Djava.protocol.handler.pkgs=org.apache.catalina.webresources
19-Sep-2026 20:26:56.634 INFO [main] org.apache.catalina.startup.VersionLoggerListener.log Command line argument: -Dorg.apache.catalina.security.SecurityListener.UMASK=0027
19-Sep-2026 20:26:56.634 INFO [main] org.apache.catalina.startup.VersionLoggerListener.log Command line argument: -Dcatalina.base=c:\Users\GRU\Desktop\32\apache-tomcat-10.1.59
19-Sep-2026 20:26:56.634 INFO [main] org.apache.catalina.startup.VersionLoggerListener.log Command line argument: -Dcatalina.home=c:\Users\GRU\Desktop\32\apache-tomcat-10.1.59
19-Sep-2026 20:26:56.634 INFO [main] org.apache.catalina.startup.VersionLoggerListener.log Command line argument: -Djava.io.tmpdir=c:\Users\GRU\Desktop\32\apache-tomcat-10.1.59/temp
19-Sep-2026 20:26:56.639 INFO [main] org.apache.catalina.core.AprLifecycleListener.lifecycleEvent The Apache Tomcat Native library which allows using OpenSSL was not found on the java.library.path: [C:\Program Files\Java\jdk-25.0.4.1\bin;C:\WINDOWS\Sun\Java\bin;C:\WINDOWS\system32;C:\WINDOWS;C:\Program Files\Common Files\Oracle\Java\javapath;C:\WINDOWS\system32;C:\WINDOWS;C:\WINDOWS\System32\Wbem;C:\WINDOWS\System32\WindowsPowerShell\v1.0\;C:\WINDOWS\System32\OpenSSH\;C:\Program Files\NVIDIA Corporation\NVIDIA App\NvDLISR;C:\Program Files (x86)\NVIDIA Corporation\PhysX\Common;C:\Program Files (x86)\Windows Kits\10\Windows Performance Toolkit\;C:\Users\GRU\AppData\Local\Microsoft\WindowsApps;C:\Users\GRU\AppData\Local\Programs\Microsoft VS Code\bin;C:\Program Files\Java\jdk-25.0.4.1\bin;C:\Users\GRU\Desktop\32\apache-maven-3.9.16\bin;C:\Program Files\Git\cmd;C:\Users\GRU\AppData\Local\Microsoft\WindowsApps;C:\Users\GRU\AppData\Local\Programs\Microsoft VS Code\bin;.]
19-Sep-2026 20:26:56.797 INFO [main] org.apache.coyote.AbstractProtocol.init Инициализация ProtocolHandler ["http-nio-8080"]
19-Sep-2026 20:26:56.809 INFO [main] org.apache.catalina.startup.Catalina.load Server initialization in [277] milliseconds
19-Sep-2026 20:26:56.836 INFO [main] org.apache.catalina.core.StandardService.startInternal Starting service [Catalina]
19-Sep-2026 20:26:56.836 INFO [main] org.apache.catalina.core.StandardEngine.startInternal Starting Servlet engine: [Apache Tomcat/10.1.59]
19-Sep-2026 20:26:56.851 INFO [main] org.apache.catalina.startup.HostConfig.deployWAR Deploying web application archive [C:\Users\GRU\Desktop\32\apache-tomcat-10.1.59\webapps\labtwo.war]
19-Sep-2026 20:26:57.016 INFO [main] org.apache.catalina.startup.HostConfig.deployWAR Deployment of web application archive [C:\Users\GRU\Desktop\32\apache-tomcat-10.1.59\webapps\labtwo.war] has finished in [163] ms
19-Sep-2026 20:26:57.016 INFO [main] org.apache.catalina.startup.HostConfig.deployDirectory Установка веб приложения в папку [C:\Users\GRU\Desktop\32\apache-tomcat-10.1.59\webapps\docs]
19-Sep-2026 20:26:57.043 INFO [main] org.apache.catalina.startup.HostConfig.deployDirectory Deployment of web application directory [C:\Users\GRU\Desktop\32\apache-tomcat-10.1.59\webapps\docs] has finished in [27] ms
19-Sep-2026 20:26:57.043 INFO [main] org.apache.catalina.startup.HostConfig.deployDirectory Установка веб приложения в папку [C:\Users\GRU\Desktop\32\apache-tomcat-10.1.59\webapps\examples]
19-Sep-2026 20:26:57.284 INFO [main] org.apache.catalina.startup.HostConfig.deployDirectory Deployment of web application directory [C:\Users\GRU\Desktop\32\apache-tomcat-10.1.59\webapps\examples] has finished in [241] ms
19-Sep-2026 20:26:57.284 INFO [main] org.apache.catalina.startup.HostConfig.deployDirectory Установка веб приложения в папку [C:\Users\GRU\Desktop\32\apache-tomcat-10.1.59\webapps\host-manager]
19-Sep-2026 20:26:57.311 INFO [main] org.apache.catalina.startup.HostConfig.deployDirectory Deployment of web application directory [C:\Users\GRU\Desktop\32\apache-tomcat-10.1.59\webapps\host-manager] has finished in [27] ms
19-Sep-2026 20:26:57.311 INFO [main] org.apache.catalina.startup.HostConfig.deployDirectory Установка веб приложения в папку [C:\Users\GRU\Desktop\32\apache-tomcat-10.1.59\webapps\manager]
19-Sep-2026 20:26:57.336 INFO [main] org.apache.catalina.startup.HostConfig.deployDirectory Deployment of web application directory [C:\Users\GRU\Desktop\32\apache-tomcat-10.1.59\webapps\manager] has finished in [25] ms
19-Sep-2026 20:26:57.336 INFO [main] org.apache.catalina.startup.HostConfig.deployDirectory Установка веб приложения в папку [C:\Users\GRU\Desktop\32\apache-tomcat-10.1.59\webapps\ROOT]
19-Sep-2026 20:26:57.355 INFO [main] org.apache.catalina.startup.HostConfig.deployDirectory Deployment of web application directory [C:\Users\GRU\Desktop\32\apache-tomcat-10.1.59\webapps\ROOT] has finished in [19] ms
19-Sep-2026 20:26:57.358 INFO [main] org.apache.coyote.AbstractProtocol.start Starting ProtocolHandler ["http-nio-8080"]
19-Sep-2026 20:26:57.374 INFO [main] org.apache.catalina.startup.Catalina.start Server startup in [563] milliseconds
19-Sep-2026 20:28:52.871 INFO [main] org.apache.catalina.core.StandardServer.await A valid shutdown command was received via the shutdown port. Stopping the Server instance.
19-Sep-2026 20:28:52.872 INFO [main] org.apache.coyote.AbstractProtocol.pause Pausing ProtocolHandler ["http-nio-8080"]
19-Sep-2026 20:28:52.875 INFO [main] org.apache.catalina.core.StandardService.stopInternal Stopping service [Catalina]
19-Sep-2026 20:28:52.880 WARNING [main] org.apache.catalina.loader.WebappClassLoaderBase.checkThreadLocalsForLeaks Вам нужно добавить "--add-opens=java.base/java.lang=ALL-UNNAMED" к аргументам командной строки JVM, чтобы включить обнаружение утечек памяти ThreadLocal. Также Вы можете  пресечь появление этого предупреждения, отключив обнаружение утечек памяти ThreadLocal.
19-Sep-2026 20:28:52.880 WARNING [main] org.apache.catalina.loader.WebappClassLoaderBase.clearReferencesRmiTargets You need to add "--add-opens=java.rmi/sun.rmi.transport=ALL-UNNAMED" to the JVM command line arguments to enable RMI Target memory leak detection. Alternatively, you can suppress this warning by disabling RMI Target memory leak detection.
19-Sep-2026 20:28:52.882 WARNING [main] org.apache.catalina.loader.WebappClassLoaderBase.checkThreadLocalsForLeaks Вам нужно добавить "--add-opens=java.base/java.lang=ALL-UNNAMED" к аргументам командной строки JVM, чтобы включить обнаружение утечек памяти ThreadLocal. Также Вы можете  пресечь появление этого предупреждения, отключив обнаружение утечек памяти ThreadLocal.
19-Sep-2026 20:28:52.882 WARNING [main] org.apache.catalina.loader.WebappClassLoaderBase.clearReferencesRmiTargets You need to add "--add-opens=java.rmi/sun.rmi.transport=ALL-UNNAMED" to the JVM command line arguments to enable RMI Target memory leak detection. Alternatively, you can suppress this warning by disabling RMI Target memory leak detection.
19-Sep-2026 20:28:52.883 WARNING [main] org.apache.catalina.loader.WebappClassLoaderBase.checkThreadLocalsForLeaks Вам нужно добавить "--add-opens=java.base/java.lang=ALL-UNNAMED" к аргументам командной строки JVM, чтобы включить обнаружение утечек памяти ThreadLocal. Также Вы можете  пресечь появление этого предупреждения, отключив обнаружение утечек памяти ThreadLocal.
19-Sep-2026 20:28:52.884 WARNING [main] org.apache.catalina.loader.WebappClassLoaderBase.clearReferencesRmiTargets You need to add "--add-opens=java.rmi/sun.rmi.transport=ALL-UNNAMED" to the JVM command line arguments to enable RMI Target memory leak detection. Alternatively, you can suppress this warning by disabling RMI Target memory leak detection.
19-Sep-2026 20:28:52.885 WARNING [main] org.apache.catalina.loader.WebappClassLoaderBase.checkThreadLocalsForLeaks Вам нужно добавить "--add-opens=java.base/java.lang=ALL-UNNAMED" к аргументам командной строки JVM, чтобы включить обнаружение утечек памяти ThreadLocal. Также Вы можете  пресечь появление этого предупреждения, отключив обнаружение утечек памяти ThreadLocal.
19-Sep-2026 20:28:52.885 WARNING [main] org.apache.catalina.loader.WebappClassLoaderBase.clearReferencesRmiTargets You need to add "--add-opens=java.rmi/sun.rmi.transport=ALL-UNNAMED" to the JVM command line arguments to enable RMI Target memory leak detection. Alternatively, you can suppress this warning by disabling RMI Target memory leak detection.
19-Sep-2026 20:28:52.886 WARNING [main] org.apache.catalina.loader.WebappClassLoaderBase.checkThreadLocalsForLeaks Вам нужно добавить "--add-opens=java.base/java.lang=ALL-UNNAMED" к аргументам командной строки JVM, чтобы включить обнаружение утечек памяти ThreadLocal. Также Вы можете  пресечь появление этого предупреждения, отключив обнаружение утечек памяти ThreadLocal.
19-Sep-2026 20:28:52.886 WARNING [main] org.apache.catalina.loader.WebappClassLoaderBase.clearReferencesRmiTargets You need to add "--add-opens=java.rmi/sun.rmi.transport=ALL-UNNAMED" to the JVM command line arguments to enable RMI Target memory leak detection. Alternatively, you can suppress this warning by disabling RMI Target memory leak detection.
19-Sep-2026 20:28:52.888 WARNING [main] org.apache.catalina.loader.WebappClassLoaderBase.checkThreadLocalsForLeaks Вам нужно добавить "--add-opens=java.base/java.lang=ALL-UNNAMED" к аргументам командной строки JVM, чтобы включить обнаружение утечек памяти ThreadLocal. Также Вы можете  пресечь появление этого предупреждения, отключив обнаружение утечек памяти ThreadLocal.
19-Sep-2026 20:28:52.888 WARNING [main] org.apache.catalina.loader.WebappClassLoaderBase.clearReferencesRmiTargets You need to add "--add-opens=java.rmi/sun.rmi.transport=ALL-UNNAMED" to the JVM command line arguments to enable RMI Target memory leak detection. Alternatively, you can suppress this warning by disabling RMI Target memory leak detection.
19-Sep-2026 20:28:52.888 INFO [main] org.apache.coyote.AbstractProtocol.stop Stopping ProtocolHandler ["http-nio-8080"]
19-Sep-2026 20:28:52.899 INFO [main] org.apache.coyote.AbstractProtocol.destroy Destroying ProtocolHandler ["http-nio-8080"]
