11-Sep-2026 23:34:27.794 INFO [main] org.apache.catalina.core.ApplicationContext.log ContextListener: contextInitialized()
11-Sep-2026 23:34:27.794 INFO [main] org.apache.catalina.core.ApplicationContext.log SessionListener: contextInitialized()
11-Sep-2026 23:34:27.795 INFO [main] org.apache.catalina.core.ApplicationContext.log ContextListener: attributeAdded('StockTicker', 'async.Stockticker@42a9e5d1')
11-Sep-2026 23:35:11.536 INFO [main] org.apache.catalina.core.ApplicationContext.log SessionListener: contextDestroyed()
11-Sep-2026 23:35:11.536 INFO [main] org.apache.catalina.core.ApplicationContext.log ContextListener: contextDestroyed()
11-Sep-2026 23:36:50.671 INFO [main] org.apache.catalina.core.ApplicationContext.log ContextListener: contextInitialized()
11-Sep-2026 23:36:50.671 INFO [main] org.apache.catalina.core.ApplicationContext.log SessionListener: contextInitialized()
11-Sep-2026 23:36:50.672 INFO [main] org.apache.catalina.core.ApplicationContext.log ContextListener: attributeAdded('StockTicker', 'async.Stockticker@42a9e5d1')
11-Sep-2026 23:39:33.642 INFO [main] org.apache.catalina.core.ApplicationContext.log ContextListener: contextInitialized()
11-Sep-2026 23:39:33.642 INFO [main] org.apache.catalina.core.ApplicationContext.log SessionListener: contextInitialized()
11-Sep-2026 23:39:33.644 INFO [main] org.apache.catalina.core.ApplicationContext.log ContextListener: attributeAdded('StockTicker', 'async.Stockticker@4c51bb7')
11-Sep-2026 23:39:52.509 INFO [main] org.apache.catalina.core.ApplicationContext.log SessionListener: contextDestroyed()
11-Sep-2026 23:39:52.509 INFO [main] org.apache.catalina.core.ApplicationContext.log ContextListener: contextDestroyed()
11-Sep-2026 23:42:53.843 INFO [main] org.apache.catalina.core.ApplicationContext.log ContextListener: contextInitialized()
11-Sep-2026 23:42:53.843 INFO [main] org.apache.catalina.core.ApplicationContext.log SessionListener: contextInitialized()
11-Sep-2026 23:42:53.844 INFO [main] org.apache.catalina.core.ApplicationContext.log ContextListener: attributeAdded('StockTicker', 'async.Stockticker@65aa6596')
11-Sep-2026 23:45:48.600 INFO [main] org.apache.catalina.core.ApplicationContext.log SessionListener: contextDestroyed()
11-Sep-2026 23:45:48.600 INFO [main] org.apache.catalina.core.ApplicationContext.log ContextListener: contextDestroyed()
11-Sep-2026 23:46:14.396 INFO [main] org.apache.catalina.core.ApplicationContext.log ContextListener: contextInitialized()
11-Sep-2026 23:46:14.396 INFO [main] org.apache.catalina.core.ApplicationContext.log SessionListener: contextInitialized()
11-Sep-2026 23:46:14.397 INFO [main] org.apache.catalina.core.ApplicationContext.log ContextListener: attributeAdded('StockTicker', 'async.Stockticker@4e517165')
11-Sep-2026 23:48:49.410 INFO [main] org.apache.catalina.core.ApplicationContext.log SessionListener: contextDestroyed()
11-Sep-2026 23:48:49.410 INFO [main] org.apache.catalina.core.ApplicationContext.log ContextListener: contextDestroyed()
11-Sep-2026 23:49:11.851 INFO [main] org.apache.catalina.core.ApplicationContext.log ContextListener: contextInitialized()
11-Sep-2026 23:49:11.851 INFO [main] org.apache.catalina.core.ApplicationContext.log SessionListener: contextInitialized()
11-Sep-2026 23:49:11.853 INFO [main] org.apache.catalina.core.ApplicationContext.log ContextListener: attributeAdded('StockTicker', 'async.Stockticker@2488b073')
11-Sep-2026 23:50:04.184 INFO [main] org.apache.catalina.core.ApplicationContext.log SessionListener: contextDestroyed()
11-Sep-2026 23:50:04.184 INFO [main] org.apache.catalina.core.ApplicationContext.log ContextListener: contextDestroyed()
