18-Sep-2026 21:17:24.491 INFO [main] org.apache.catalina.core.ApplicationContext.log ContextListener: contextInitialized()
18-Sep-2026 21:17:24.491 INFO [main] org.apache.catalina.core.ApplicationContext.log SessionListener: contextInitialized()
18-Sep-2026 21:17:24.492 INFO [main] org.apache.catalina.core.ApplicationContext.log ContextListener: attributeAdded('StockTicker', 'async.Stockticker@162be91c')
18-Sep-2026 21:17:43.457 INFO [main] org.apache.catalina.core.ApplicationContext.log SessionListener: contextDestroyed()
18-Sep-2026 21:17:43.457 INFO [main] org.apache.catalina.core.ApplicationContext.log ContextListener: contextDestroyed()
18-Sep-2026 21:19:57.763 INFO [main] org.apache.catalina.core.ApplicationContext.log ContextListener: contextInitialized()
18-Sep-2026 21:19:57.763 INFO [main] org.apache.catalina.core.ApplicationContext.log SessionListener: contextInitialized()
18-Sep-2026 21:19:57.765 INFO [main] org.apache.catalina.core.ApplicationContext.log ContextListener: attributeAdded('StockTicker', 'async.Stockticker@162be91c')
18-Sep-2026 21:20:48.331 INFO [main] org.apache.catalina.core.ApplicationContext.log SessionListener: contextDestroyed()
18-Sep-2026 21:20:48.331 INFO [main] org.apache.catalina.core.ApplicationContext.log ContextListener: contextDestroyed()
18-Sep-2026 21:32:24.426 INFO [main] org.apache.catalina.core.ApplicationContext.log ContextListener: contextInitialized()
18-Sep-2026 21:32:24.426 INFO [main] org.apache.catalina.core.ApplicationContext.log SessionListener: contextInitialized()
18-Sep-2026 21:32:24.427 INFO [main] org.apache.catalina.core.ApplicationContext.log ContextListener: attributeAdded('StockTicker', 'async.Stockticker@2488b073')
18-Sep-2026 21:33:54.858 INFO [main] org.apache.catalina.core.ApplicationContext.log SessionListener: contextDestroyed()
18-Sep-2026 21:33:54.858 INFO [main] org.apache.catalina.core.ApplicationContext.log ContextListener: contextDestroyed()
18-Sep-2026 21:34:49.968 INFO [main] org.apache.catalina.core.ApplicationContext.log ContextListener: contextInitialized()
18-Sep-2026 21:34:49.968 INFO [main] org.apache.catalina.core.ApplicationContext.log SessionListener: contextInitialized()
18-Sep-2026 21:34:49.970 INFO [main] org.apache.catalina.core.ApplicationContext.log ContextListener: attributeAdded('StockTicker', 'async.Stockticker@2488b073')
18-Sep-2026 21:37:03.000 INFO [main] org.apache.catalina.core.ApplicationContext.log ContextListener: contextInitialized()
18-Sep-2026 21:37:03.000 INFO [main] org.apache.catalina.core.ApplicationContext.log SessionListener: contextInitialized()
18-Sep-2026 21:37:03.001 INFO [main] org.apache.catalina.core.ApplicationContext.log ContextListener: attributeAdded('StockTicker', 'async.Stockticker@2488b073')
18-Sep-2026 21:37:10.457 INFO [main] org.apache.catalina.core.ApplicationContext.log SessionListener: contextDestroyed()
18-Sep-2026 21:37:10.457 INFO [main] org.apache.catalina.core.ApplicationContext.log ContextListener: contextDestroyed()
